{"logTime": "0913/110927", "correlationVector":"JykKXfdEODtqxJ/OBt5F1t.1","action":"SyncServerConnectionManagerRequest", "result":"SYNC_SERVER_OK", "context":{"environment":"Prod_southeastasia_prod-s01-065-apac-southeastasia", "migrationStage":"NotStarted", "server":"akswtt003000023"}}
{"logTime": "0913/110927", "correlationVector":"JykKXfdEODtqxJ/OBt5F1t.2","action":"ProcessGetUpdates", "result":"Done", "context":{"dataType":"Encryption Keys", "deleted":"0", "process_failed_to_decrypt":"0", "process_pending_decryption":"0", "process_success":"1", "total":"1"}}
{"logTime": "0913/110928", "correlationVector":"l9a7IkUtogmnzQy75zkZSq","action":"SyncServerConnectionManagerRequest", "result":"SYNC_SERVER_OK", "context":{"environment":"", "migrationStage":"", "server":""}}
{"logTime": "0913/110929", "correlationVector":"l9a7IkUtogmnzQy75zkZSq.0","action":"EncryptionKeysFetcher.DownloadKeys:", "result":"Success", "context":Key count: 10, Last key timestamp: 2026-04-30T13:41:24Z}
{"logTime": "0913/110929", "correlationVector":"l9a7IkUtogmnzQy75zkZSq.1","action":"EncryptionKeysManager::SetEncryptionKeys:", "result":"Success", "context":Key names[10]:[GO31z0TzEri4YtoJdhL6SG06/asgMc2j7DRp2X6YIaf3BGu7XP9uDqkJeOwa5cRnmPEqM/p871LiERe2ttNSnw==][CmMIbToBg/wkPLyxcSSIHTVpAmLJf1lfAoOUESydjU2rT+CIhkTQOP1s0P/ZbSAV83U9avVgDfhWKksAvFIpvQ==][sb/4zVxMEzuMr2VwkTsqMUlqQPJYySXrXMit33kvZF3zxxRb2sKHQSIfYhAQotoub4RCLfRFfIarOLC4RQOF7w==][L8cnxnquFSpHOQPS4B4KjIckW0IfkYpTNYun92OYXlwokShVzogcKsI4FO4rVB59ubWyqMEe3TE/vI1IMAbXZw==][vtCkTVataooX3/hqfT/m8LmgHuUmVgeEahdfbSW015RBuvBZWZCzEjnjq/LhRLjRjXMj26nIh9Jz9oAP34yKRg==][oCud1xgmWaJvL0k4aOBeLLAeNIlMkFxmCWO63pNkqUZF18IPdftNQJJJ36FcbqLmCxUO4rRwI+BDIZhub7VJ2A==][i8oXImPshUUoAUFvqAPduqK4Cfr+diCQ2uf0EcbUsKk5uWnJEvnVQ7nC6Dqtb6HZpR5IrLNIkcD7wozEZiv6Xw==][e120nwOPgsACItYIRikgG6gZAdfwh24Feu2fyD2aABWeadBOxVL/3bmDbbWpBBoxiQFK5CmGWwLC/NH2NF24sQ==][44FdHchZTvVysM94kDgLy3/Dyf19Yf8sY3kucMSEUSOWWRrbdP84gKeWwoz0sKJIUwRf39XFbLsw79b85WWklA==][2+oqYafFdiI6rf6gcyU1kGCVBwQPZv9OqReMuh3cSjbsL5qYYajqXrZiVlOTZNFYaeGo8vy9ocYJwfwR9w4GTQ==]}
{"logTime": "0913/110929", "correlationVector":"l9a7IkUtogmnzQy75zkZSq.2","action":"EncryptionKeysManager::SetEncryptionKeysWithTimestamps:", "result":"Success", "context":Key timestamps[10]:[2022-04-23T07:21:45Z][2022-05-28T01:24:52Z][2022-11-24T02:19:13Z][2023-05-23T13:42:15Z][2023-11-20T10:43:22Z][2024-05-08T07:47:41Z][2024-11-05T01:34:44Z][2025-05-04T10:32:14Z][2025-11-01T12:38:42Z][2026-04-30T13:41:24Z]}
{"logTime": "0913/110929", "correlationVector":"JykKXfdEODtqxJ/OBt5F1t","action":"Initial GetUpdates", "result":"", "context":Reason: NEW_CLIENT. cV=JykKXfdEODtqxJ/OBt5F1t}
{"logTime": "0913/110929", "correlationVector":"JykKXfdEODtqxJ/OBt5F1t.3","action":"GetUpdates Response", "result":"Success", "context":Received 1 update(s). cV=JykKXfdEODtqxJ/OBt5F1t.0;server=akswtt003000023;cloudType=Consumer;environment=Prod_southeastasia_prod-s01-065-apac-southeastasia;migrationStage=NotStarted}
{"logTime": "0913/110929", "correlationVector":"nJNFsjOcVJGwTigUOPveUL","action":"Initial GetUpdates", "result":"", "context":Reason: NEWLY_SUPPORTED_DATATYPE. cV=nJNFsjOcVJGwTigUOPveUL}
{"logTime": "0913/110930", "correlationVector":"nJNFsjOcVJGwTigUOPveUL.1","action":"SyncServerConnectionManagerRequest", "result":"SYNC_SERVER_OK", "context":{"environment":"Prod_southeastasia_prod-s01-065-apac-southeastasia", "migrationStage":"NotStarted", "server":"akswtt00300002s"}}
{"logTime": "0913/110930", "correlationVector":"nJNFsjOcVJGwTigUOPveUL.2","action":"ProcessGetUpdates", "result":"Done", "context":{"dataType":"Passwords", "deleted":"0", "process_failed_to_decrypt":"0", "process_pending_decryption":"0", "process_success":"124", "total":"124"}}
{"logTime": "0913/110930", "correlationVector":"nJNFsjOcVJGwTigUOPveUL.3","action":"ProcessGetUpdates", "result":"Done", "context":{"dataType":"Device Info", "deleted":"0", "process_failed_to_decrypt":"0", "process_pending_decryption":"0", "process_success":"40", "total":"40"}}
{"logTime": "0913/110930", "correlationVector":"nJNFsjOcVJGwTigUOPveUL.4","action":"GetUpdates Response", "result":"Success", "context":Received 164 update(s). cV=nJNFsjOcVJGwTigUOPveUL.0;server=akswtt00300002s;cloudType=Consumer;environment=Prod_southeastasia_prod-s01-065-apac-southeastasia;migrationStage=NotStarted}
{"logTime": "0913/110930", "correlationVector":"YizfZQmpBiVvzrqxqWnrJq","action":"Initial GetUpdates", "result":"", "context":Reason: NEWLY_SUPPORTED_DATATYPE. cV=YizfZQmpBiVvzrqxqWnrJq}
{"logTime": "0913/110931", "correlationVector":"YizfZQmpBiVvzrqxqWnrJq.1","action":"SyncServerConnectionManagerRequest", "result":"SYNC_SERVER_OK", "context":{"environment":"Prod_southeastasia_prod-s01-065-apac-southeastasia", "migrationStage":"NotStarted", "server":"akswtt00300002x"}}
{"logTime": "0913/110931", "correlationVector":"YizfZQmpBiVvzrqxqWnrJq.2","action":"ProcessGetUpdates", "result":"Done", "context":{"dataType":"Bookmarks", "deleted":"0", "process_failed_to_decrypt":"0", "process_pending_decryption":"0", "process_success":"38", "total":"38"}}
{"logTime": "0913/110931", "correlationVector":"YizfZQmpBiVvzrqxqWnrJq.3","action":"ProcessGetUpdates", "result":"Done", "context":{"dataType":"Preferences", "deleted":"0", "process_failed_to_decrypt":"0", "process_pending_decryption":"0", "process_success":"126", "total":"126"}}
{"logTime": "0913/110931", "correlationVector":"YizfZQmpBiVvzrqxqWnrJq.4","action":"ProcessGetUpdates", "result":"Done", "context":{"dataType":"Autofill", "deleted":"0", "process_failed_to_decrypt":"0", "process_pending_decryption":"0", "process_success":"55", "total":"55"}}
{"logTime": "0913/110931", "correlationVector":"YizfZQmpBiVvzrqxqWnrJq.5","action":"ProcessGetUpdates", "result":"Done", "context":{"dataType":"Extensions", "deleted":"0", "process_failed_to_decrypt":"0", "process_pending_decryption":"0", "process_success":"4", "total":"4"}}
{"logTime": "0913/110931", "correlationVector":"YizfZQmpBiVvzrqxqWnrJq.6","action":"ProcessGetUpdates", "result":"Done", "context":{"dataType":"Extension settings", "deleted":"0", "process_failed_to_decrypt":"0", "process_pending_decryption":"0", "process_success":"13", "total":"13"}}
{"logTime": "0913/110931", "correlationVector":"YizfZQmpBiVvzrqxqWnrJq.7","action":"ProcessGetUpdates", "result":"Done", "context":{"dataType":"Web Apps", "deleted":"0", "process_failed_to_decrypt":"0", "process_pending_decryption":"0", "process_success":"1", "total":"1"}}
{"logTime": "0913/110931", "correlationVector":"YizfZQmpBiVvzrqxqWnrJq.8","action":"ProcessGetUpdates", "result":"Done", "context":{"dataType":"Saved Tab Group", "deleted":"12", "process_failed_to_decrypt":"0", "process_pending_decryption":"0", "process_success":"13", "total":"13"}}
{"logTime": "0913/110931", "correlationVector":"YizfZQmpBiVvzrqxqWnrJq.9","action":"GetUpdates Response", "result":"Success", "context":Received 250 update(s). cV=YizfZQmpBiVvzrqxqWnrJq.0;server=akswtt00300002x;cloudType=Consumer;environment=Prod_southeastasia_prod-s01-065-apac-southeastasia;migrationStage=NotStarted Some updates remain.}
{"logTime": "0913/110931", "correlationVector":"47Pxm2Ax6cw4cLe3mKUwhY","action":"Initial GetUpdates", "result":"", "context":Reason: NEWLY_SUPPORTED_DATATYPE. cV=47Pxm2Ax6cw4cLe3mKUwhY}
{"logTime": "0913/110931", "correlationVector":"47Pxm2Ax6cw4cLe3mKUwhY.1","action":"SyncServerConnectionManagerRequest", "result":"SYNC_SERVER_OK", "context":{"environment":"Prod_southeastasia_prod-s01-065-apac-southeastasia", "migrationStage":"NotStarted", "server":"akswtt00300004k"}}
{"logTime": "0913/110931", "correlationVector":"47Pxm2Ax6cw4cLe3mKUwhY.2","action":"ProcessGetUpdates", "result":"Done", "context":{"dataType":"Autofill", "deleted":"0", "process_failed_to_decrypt":"0", "process_pending_decryption":"0", "process_success":"250", "total":"250"}}
{"logTime": "0913/110931", "correlationVector":"47Pxm2Ax6cw4cLe3mKUwhY.3","action":"GetUpdates Response", "result":"Success", "context":Received 250 update(s). cV=47Pxm2Ax6cw4cLe3mKUwhY.0;server=akswtt00300004k;cloudType=Consumer;environment=Prod_southeastasia_prod-s01-065-apac-southeastasia;migrationStage=NotStarted Some updates remain.}
{"logTime": "0913/110931", "correlationVector":"TvmXsrc6RgSB7jtQzdZbWO","action":"Initial GetUpdates", "result":"", "context":Reason: NEWLY_SUPPORTED_DATATYPE. cV=TvmXsrc6RgSB7jtQzdZbWO}
{"logTime": "0913/110932", "correlationVector":"TvmXsrc6RgSB7jtQzdZbWO.1","action":"SyncServerConnectionManagerRequest", "result":"SYNC_SERVER_OK", "context":{"environment":"Prod_southeastasia_prod-s01-065-apac-southeastasia", "migrationStage":"NotStarted", "server":"akswtt00300000e"}}
{"logTime": "0913/110932", "correlationVector":"TvmXsrc6RgSB7jtQzdZbWO.2","action":"ProcessGetUpdates", "result":"Done", "context":{"dataType":"Bookmarks", "deleted":"34", "process_failed_to_decrypt":"0", "process_pending_decryption":"0", "process_success":"36", "total":"36"}}
{"logTime": "0913/110932", "correlationVector":"TvmXsrc6RgSB7jtQzdZbWO.3","action":"ProcessGetUpdates", "result":"Done", "context":{"dataType":"Preferences", "deleted":"0", "process_failed_to_decrypt":"0", "process_pending_decryption":"0", "process_success":"2", "total":"2"}}
{"logTime": "0913/110932", "correlationVector":"TvmXsrc6RgSB7jtQzdZbWO.4","action":"ProcessGetUpdates", "result":"Done", "context":{"dataType":"Autofill", "deleted":"0", "process_failed_to_decrypt":"0", "process_pending_decryption":"0", "process_success":"205", "total":"205"}}
{"logTime": "0913/110932", "correlationVector":"TvmXsrc6RgSB7jtQzdZbWO.5","action":"ProcessGetUpdates", "result":"Done", "context":{"dataType":"Extension settings", "deleted":"0", "process_failed_to_decrypt":"0", "process_pending_decryption":"0", "process_success":"1", "total":"1"}}
{"logTime": "0913/110932", "correlationVector":"TvmXsrc6RgSB7jtQzdZbWO.6","action":"ProcessGetUpdates", "result":"Done", "context":{"dataType":"Saved Tab Group", "deleted":"6", "process_failed_to_decrypt":"0", "process_pending_decryption":"0", "process_success":"6", "total":"6"}}
{"logTime": "0913/110932", "correlationVector":"TvmXsrc6RgSB7jtQzdZbWO.7","action":"GetUpdates Response", "result":"Success", "context":Received 250 update(s). cV=TvmXsrc6RgSB7jtQzdZbWO.0;server=akswtt00300000e;cloudType=Consumer;environment=Prod_southeastasia_prod-s01-065-apac-southeastasia;migrationStage=NotStarted Some updates remain.}
{"logTime": "0913/110932", "correlationVector":"ZFiyWAmSBwT/ZrboS0PkAJ","action":"Initial GetUpdates", "result":"", "context":Reason: NEWLY_SUPPORTED_DATATYPE. cV=ZFiyWAmSBwT/ZrboS0PkAJ}
{"logTime": "0913/110933", "correlationVector":"ZFiyWAmSBwT/ZrboS0PkAJ.1","action":"SyncServerConnectionManagerRequest", "result":"SYNC_SERVER_OK", "context":{"environment":"Prod_southeastasia_prod-s01-065-apac-southeastasia", "migrationStage":"NotStarted", "server":"akswtt00300002s"}}
{"logTime": "0913/110933", "correlationVector":"ZFiyWAmSBwT/ZrboS0PkAJ.2","action":"ProcessGetUpdates", "result":"Done", "context":{"dataType":"Autofill", "deleted":"0", "process_failed_to_decrypt":"0", "process_pending_decryption":"0", "process_success":"250", "total":"250"}}
{"logTime": "0913/110933", "correlationVector":"ZFiyWAmSBwT/ZrboS0PkAJ.3","action":"GetUpdates Response", "result":"Success", "context":Received 250 update(s). cV=ZFiyWAmSBwT/ZrboS0PkAJ.0;server=akswtt00300002s;cloudType=Consumer;environment=Prod_southeastasia_prod-s01-065-apac-southeastasia;migrationStage=NotStarted Some updates remain.}
{"logTime": "0913/110933", "correlationVector":"ocQBNbB/GpT6FxDSZetyna","action":"Initial GetUpdates", "result":"", "context":Reason: NEWLY_SUPPORTED_DATATYPE. cV=ocQBNbB/GpT6FxDSZetyna}
{"logTime": "0913/110934", "correlationVector":"ocQBNbB/GpT6FxDSZetyna.1","action":"SyncServerConnectionManagerRequest", "result":"SYNC_SERVER_OK", "context":{"environment":"Prod_southeastasia_prod-s01-065-apac-southeastasia", "migrationStage":"NotStarted", "server":"akswtt00300003t"}}
{"logTime": "0913/110934", "correlationVector":"ocQBNbB/GpT6FxDSZetyna.2","action":"ProcessGetUpdates", "result":"Done", "context":{"dataType":"Autofill", "deleted":"0", "process_failed_to_decrypt":"0", "process_pending_decryption":"0", "process_success":"250", "total":"250"}}
{"logTime": "0913/110934", "correlationVector":"ocQBNbB/GpT6FxDSZetyna.3","action":"GetUpdates Response", "result":"Success", "context":Received 250 update(s). cV=ocQBNbB/GpT6FxDSZetyna.0;server=akswtt00300003t;cloudType=Consumer;environment=Prod_southeastasia_prod-s01-065-apac-southeastasia;migrationStage=NotStarted Some updates remain.}
{"logTime": "0913/110934", "correlationVector":"+5H8YyklY06yCf0NbQSL4g","action":"Initial GetUpdates", "result":"", "context":Reason: NEWLY_SUPPORTED_DATATYPE. cV=+5H8YyklY06yCf0NbQSL4g}
{"logTime": "0913/110934", "correlationVector":"+5H8YyklY06yCf0NbQSL4g.1","action":"SyncServerConnectionManagerRequest", "result":"SYNC_SERVER_OK", "context":{"environment":"Prod_southeastasia_prod-s01-065-apac-southeastasia", "migrationStage":"NotStarted", "server":"akswtt00300002o"}}
{"logTime": "0913/110934", "correlationVector":"+5H8YyklY06yCf0NbQSL4g.2","action":"ProcessGetUpdates", "result":"Done", "context":{"dataType":"Autofill", "deleted":"0", "process_failed_to_decrypt":"0", "process_pending_decryption":"0", "process_success":"250", "total":"250"}}
{"logTime": "0913/110934", "correlationVector":"+5H8YyklY06yCf0NbQSL4g.3","action":"GetUpdates Response", "result":"Success", "context":Received 250 update(s). cV=+5H8YyklY06yCf0NbQSL4g.0;server=akswtt00300002o;cloudType=Consumer;environment=Prod_southeastasia_prod-s01-065-apac-southeastasia;migrationStage=NotStarted Some updates remain.}
{"logTime": "0913/110934", "correlationVector":"2PIXFGdA+BbFF5tR4P/v2U","action":"Initial GetUpdates", "result":"", "context":Reason: NEWLY_SUPPORTED_DATATYPE. cV=2PIXFGdA+BbFF5tR4P/v2U}
{"logTime": "0913/110935", "correlationVector":"2PIXFGdA+BbFF5tR4P/v2U.1","action":"SyncServerConnectionManagerRequest", "result":"SYNC_SERVER_OK", "context":{"environment":"Prod_southeastasia_prod-s01-065-apac-southeastasia", "migrationStage":"NotStarted", "server":"akswtt00300000a"}}
{"logTime": "0913/110935", "correlationVector":"2PIXFGdA+BbFF5tR4P/v2U.2","action":"ProcessGetUpdates", "result":"Done", "context":{"dataType":"Autofill", "deleted":"0", "process_failed_to_decrypt":"0", "process_pending_decryption":"0", "process_success":"250", "total":"250"}}
{"logTime": "0913/110935", "correlationVector":"2PIXFGdA+BbFF5tR4P/v2U.3","action":"GetUpdates Response", "result":"Success", "context":Received 250 update(s). cV=2PIXFGdA+BbFF5tR4P/v2U.0;server=akswtt00300000a;cloudType=Consumer;environment=Prod_southeastasia_prod-s01-065-apac-southeastasia;migrationStage=NotStarted Some updates remain.}
{"logTime": "0913/110935", "correlationVector":"wCKOIOuHGt+9ANSEz3vh91","action":"Initial GetUpdates", "result":"", "context":Reason: NEWLY_SUPPORTED_DATATYPE. cV=wCKOIOuHGt+9ANSEz3vh91}
{"logTime": "0913/110935", "correlationVector":"wCKOIOuHGt+9ANSEz3vh91.1","action":"SyncServerConnectionManagerRequest", "result":"SYNC_SERVER_OK", "context":{"environment":"Prod_southeastasia_prod-s01-065-apac-southeastasia", "migrationStage":"NotStarted", "server":"akswtt00300003t"}}
{"logTime": "0913/110935", "correlationVector":"wCKOIOuHGt+9ANSEz3vh91.2","action":"ProcessGetUpdates", "result":"Done", "context":{"dataType":"Bookmarks", "deleted":"6", "process_failed_to_decrypt":"0", "process_pending_decryption":"0", "process_success":"66", "total":"66"}}
{"logTime": "0913/110935", "correlationVector":"wCKOIOuHGt+9ANSEz3vh91.3","action":"ProcessGetUpdates", "result":"Done", "context":{"dataType":"Preferences", "deleted":"0", "process_failed_to_decrypt":"0", "process_pending_decryption":"0", "process_success":"7", "total":"7"}}
{"logTime": "0913/110935", "correlationVector":"wCKOIOuHGt+9ANSEz3vh91.4","action":"ProcessGetUpdates", "result":"Done", "context":{"dataType":"Autofill Profiles", "deleted":"0", "process_failed_to_decrypt":"0", "process_pending_decryption":"0", "process_success":"8", "total":"8"}}
{"logTime": "0913/110935", "correlationVector":"wCKOIOuHGt+9ANSEz3vh91.5","action":"ProcessGetUpdates", "result":"Done", "context":{"dataType":"Autofill", "deleted":"0", "process_failed_to_decrypt":"0", "process_pending_decryption":"0", "process_success":"168", "total":"168"}}
{"logTime": "0913/110935", "correlationVector":"wCKOIOuHGt+9ANSEz3vh91.6","action":"ProcessGetUpdates", "result":"Done", "context":{"dataType":"Extensions", "deleted":"0", "process_failed_to_decrypt":"0", "process_pending_decryption":"0", "process_success":"1", "total":"1"}}
{"logTime": "0913/110935", "correlationVector":"wCKOIOuHGt+9ANSEz3vh91.7","action":"GetUpdates Response", "result":"Success", "context":Received 250 update(s). cV=wCKOIOuHGt+9ANSEz3vh91.0;server=akswtt00300003t;cloudType=Consumer;environment=Prod_southeastasia_prod-s01-065-apac-southeastasia;migrationStage=NotStarted Some updates remain.}
{"logTime": "0913/110935", "correlationVector":"zYU22Ze/N2hSPCe6laGTwR","action":"Initial GetUpdates", "result":"", "context":Reason: NEWLY_SUPPORTED_DATATYPE. cV=zYU22Ze/N2hSPCe6laGTwR}
{"logTime": "0913/110936", "correlationVector":"zYU22Ze/N2hSPCe6laGTwR.1","action":"SyncServerConnectionManagerRequest", "result":"SYNC_SERVER_OK", "context":{"environment":"Prod_southeastasia_prod-s01-065-apac-southeastasia", "migrationStage":"NotStarted", "server":"akswtt00300002i"}}
{"logTime": "0913/110936", "correlationVector":"zYU22Ze/N2hSPCe6laGTwR.2","action":"ProcessGetUpdates", "result":"Done", "context":{"dataType":"Autofill", "deleted":"0", "process_failed_to_decrypt":"0", "process_pending_decryption":"0", "process_success":"250", "total":"250"}}
{"logTime": "0913/110936", "correlationVector":"zYU22Ze/N2hSPCe6laGTwR.3","action":"GetUpdates Response", "result":"Success", "context":Received 250 update(s). cV=zYU22Ze/N2hSPCe6laGTwR.0;server=akswtt00300002i;cloudType=Consumer;environment=Prod_southeastasia_prod-s01-065-apac-southeastasia;migrationStage=NotStarted Some updates remain.}
{"logTime": "0913/110936", "correlationVector":"Q6Bwy3x2aOT9yFUB+TZyyf","action":"Initial GetUpdates", "result":"", "context":Reason: NEWLY_SUPPORTED_DATATYPE. cV=Q6Bwy3x2aOT9yFUB+TZyyf}
{"logTime": "0913/110937", "correlationVector":"Q6Bwy3x2aOT9yFUB+TZyyf.1","action":"SyncServerConnectionManagerRequest", "result":"SYNC_SERVER_OK", "context":{"environment":"Prod_southeastasia_prod-s01-065-apac-southeastasia", "migrationStage":"NotStarted", "server":"akswtt00300002t"}}
{"logTime": "0913/110937", "correlationVector":"Q6Bwy3x2aOT9yFUB+TZyyf.2","action":"ProcessGetUpdates", "result":"Done", "context":{"dataType":"Autofill", "deleted":"0", "process_failed_to_decrypt":"0", "process_pending_decryption":"0", "process_success":"250", "total":"250"}}
{"logTime": "0913/110937", "correlationVector":"Q6Bwy3x2aOT9yFUB+TZyyf.3","action":"GetUpdates Response", "result":"Success", "context":Received 250 update(s). cV=Q6Bwy3x2aOT9yFUB+TZyyf.0;server=akswtt00300002t;cloudType=Consumer;environment=Prod_southeastasia_prod-s01-065-apac-southeastasia;migrationStage=NotStarted Some updates remain.}
{"logTime": "0913/110937", "correlationVector":"aJYtH5DYKA+i+xOj8OxnhC","action":"Initial GetUpdates", "result":"", "context":Reason: NEWLY_SUPPORTED_DATATYPE. cV=aJYtH5DYKA+i+xOj8OxnhC}
{"logTime": "0913/110938", "correlationVector":"aJYtH5DYKA+i+xOj8OxnhC.1","action":"SyncServerConnectionManagerRequest", "result":"SYNC_SERVER_OK", "context":{"environment":"Prod_southeastasia_prod-s01-065-apac-southeastasia", "migrationStage":"NotStarted", "server":"akswtt00300002o"}}
{"logTime": "0913/110938", "correlationVector":"aJYtH5DYKA+i+xOj8OxnhC.2","action":"ProcessGetUpdates", "result":"Done", "context":{"dataType":"Bookmarks", "deleted":"0", "process_failed_to_decrypt":"0", "process_pending_decryption":"0", "process_success":"9", "total":"9"}}
{"logTime": "0913/110938", "correlationVector":"aJYtH5DYKA+i+xOj8OxnhC.3","action":"ProcessGetUpdates", "result":"Done", "context":{"dataType":"Preferences", "deleted":"0", "process_failed_to_decrypt":"0", "process_pending_decryption":"0", "process_success":"6", "total":"6"}}
{"logTime": "0913/110938", "correlationVector":"aJYtH5DYKA+i+xOj8OxnhC.4","action":"ProcessGetUpdates", "result":"Done", "context":{"dataType":"Autofill", "deleted":"0", "process_failed_to_decrypt":"0", "process_pending_decryption":"0", "process_success":"182", "total":"182"}}
{"logTime": "0913/110938", "correlationVector":"aJYtH5DYKA+i+xOj8OxnhC.5","action":"ProcessGetUpdates", "result":"Done", "context":{"dataType":"Extensions", "deleted":"0", "process_failed_to_decrypt":"0", "process_pending_decryption":"0", "process_success":"1", "total":"1"}}
{"logTime": "0913/110938", "correlationVector":"aJYtH5DYKA+i+xOj8OxnhC.6","action":"ProcessGetUpdates", "result":"Done", "context":{"dataType":"Sessions", "deleted":"46", "process_failed_to_decrypt":"0", "process_pending_decryption":"0", "process_success":"46", "total":"46"}}
{"logTime": "0913/110938", "correlationVector":"aJYtH5DYKA+i+xOj8OxnhC.7","action":"ProcessGetUpdates", "result":"Done", "context":{"dataType":"Extension settings", "deleted":"0", "process_failed_to_decrypt":"0", "process_pending_decryption":"0", "process_success":"2", "total":"2"}}
{"logTime": "0913/110938", "correlationVector":"aJYtH5DYKA+i+xOj8OxnhC.8","action":"ProcessGetUpdates", "result":"Done", "context":{"dataType":"Saved Tab Group", "deleted":"3", "process_failed_to_decrypt":"0", "process_pending_decryption":"0", "process_success":"4", "total":"4"}}
{"logTime": "0913/110938", "correlationVector":"aJYtH5DYKA+i+xOj8OxnhC.9","action":"GetUpdates Response", "result":"Success", "context":Received 250 update(s). cV=aJYtH5DYKA+i+xOj8OxnhC.0;server=akswtt00300002o;cloudType=Consumer;environment=Prod_southeastasia_prod-s01-065-apac-southeastasia;migrationStage=NotStarted Some updates remain.}
{"logTime": "0913/110938", "correlationVector":"QjcEhtcSPfvP/b55Dq6OMC","action":"Initial GetUpdates", "result":"", "context":Reason: NEWLY_SUPPORTED_DATATYPE. cV=QjcEhtcSPfvP/b55Dq6OMC}
{"logTime": "0913/110939", "correlationVector":"QjcEhtcSPfvP/b55Dq6OMC.1","action":"SyncServerConnectionManagerRequest", "result":"SYNC_SERVER_OK", "context":{"environment":"Prod_southeastasia_prod-s01-065-apac-southeastasia", "migrationStage":"NotStarted", "server":"akswtt00300002u"}}
{"logTime": "0913/110939", "correlationVector":"QjcEhtcSPfvP/b55Dq6OMC.2","action":"ProcessGetUpdates", "result":"Done", "context":{"dataType":"Bookmarks", "deleted":"0", "process_failed_to_decrypt":"0", "process_pending_decryption":"0", "process_success":"27", "total":"27"}}
{"logTime": "0913/110939", "correlationVector":"QjcEhtcSPfvP/b55Dq6OMC.3","action":"ProcessGetUpdates", "result":"Done", "context":{"dataType":"Preferences", "deleted":"1", "process_failed_to_decrypt":"0", "process_pending_decryption":"0", "process_success":"2", "total":"2"}}
{"logTime": "0913/110939", "correlationVector":"QjcEhtcSPfvP/b55Dq6OMC.4","action":"ProcessGetUpdates", "result":"Done", "context":{"dataType":"Autofill Profiles", "deleted":"2", "process_failed_to_decrypt":"0", "process_pending_decryption":"0", "process_success":"2", "total":"2"}}
{"logTime": "0913/110939", "correlationVector":"QjcEhtcSPfvP/b55Dq6OMC.5","action":"ProcessGetUpdates", "result":"Done", "context":{"dataType":"Autofill", "deleted":"0", "process_failed_to_decrypt":"0", "process_pending_decryption":"0", "process_success":"32", "total":"32"}}
{"logTime": "0913/110939", "correlationVector":"QjcEhtcSPfvP/b55Dq6OMC.6","action":"ProcessGetUpdates", "result":"Done", "context":{"dataType":"Sessions", "deleted":"158", "process_failed_to_decrypt":"0", "process_pending_decryption":"0", "process_success":"158", "total":"158"}}
{"logTime": "0913/110939", "correlationVector":"QjcEhtcSPfvP/b55Dq6OMC.7","action":"ProcessGetUpdates", "result":"Done", "context":{"dataType":"Edge Hub App Usage", "deleted":"29", "process_failed_to_decrypt":"0", "process_pending_decryption":"0", "process_success":"29", "total":"29"}}
{"logTime": "0913/110939", "correlationVector":"QjcEhtcSPfvP/b55Dq6OMC.8","action":"GetUpdates Response", "result":"Success", "context":Received 250 update(s). cV=QjcEhtcSPfvP/b55Dq6OMC.0;server=akswtt00300002u;cloudType=Consumer;environment=Prod_southeastasia_prod-s01-065-apac-southeastasia;migrationStage=NotStarted Some updates remain.}
{"logTime": "0913/110939", "correlationVector":"o0oU9UmeOL3PH1EczC3y6b","action":"Initial GetUpdates", "result":"", "context":Reason: NEWLY_SUPPORTED_DATATYPE. cV=o0oU9UmeOL3PH1EczC3y6b}
{"logTime": "0913/110939", "correlationVector":"o0oU9UmeOL3PH1EczC3y6b.1","action":"SyncServerConnectionManagerRequest", "result":"SYNC_SERVER_OK", "context":{"environment":"Prod_southeastasia_prod-s01-065-apac-southeastasia", "migrationStage":"NotStarted", "server":"akswtt003000007"}}
{"logTime": "0913/110939", "correlationVector":"o0oU9UmeOL3PH1EczC3y6b.2","action":"ProcessGetUpdates", "result":"Done", "context":{"dataType":"Preferences", "deleted":"0", "process_failed_to_decrypt":"0", "process_pending_decryption":"0", "process_success":"3", "total":"3"}}
{"logTime": "0913/110939", "correlationVector":"o0oU9UmeOL3PH1EczC3y6b.3","action":"ProcessGetUpdates", "result":"Done", "context":{"dataType":"Autofill Profiles", "deleted":"1", "process_failed_to_decrypt":"0", "process_pending_decryption":"0", "process_success":"1", "total":"1"}}
{"logTime": "0913/110939", "correlationVector":"o0oU9UmeOL3PH1EczC3y6b.4","action":"ProcessGetUpdates", "result":"Done", "context":{"dataType":"Autofill", "deleted":"0", "process_failed_to_decrypt":"0", "process_pending_decryption":"0", "process_success":"17", "total":"17"}}
{"logTime": "0913/110939", "correlationVector":"o0oU9UmeOL3PH1EczC3y6b.5","action":"ProcessGetUpdates", "result":"Done", "context":{"dataType":"Sessions", "deleted":"204", "process_failed_to_decrypt":"0", "process_pending_decryption":"0", "process_success":"204", "total":"204"}}
{"logTime": "0913/110939", "correlationVector":"o0oU9UmeOL3PH1EczC3y6b.6","action":"ProcessGetUpdates", "result":"Done", "context":{"dataType":"Edge Hub App Usage", "deleted":"22", "process_failed_to_decrypt":"0", "process_pending_decryption":"0", "process_success":"25", "total":"25"}}
{"logTime": "0913/110939", "correlationVector":"o0oU9UmeOL3PH1EczC3y6b.7","action":"GetUpdates Response", "result":"Success", "context":Received 250 update(s). cV=o0oU9UmeOL3PH1EczC3y6b.0;server=akswtt003000007;cloudType=Consumer;environment=Prod_southeastasia_prod-s01-065-apac-southeastasia;migrationStage=NotStarted Some updates remain.}
{"logTime": "0913/110939", "correlationVector":"sDvPJYyRzbzoOLeE1hHdfF","action":"Initial GetUpdates", "result":"", "context":Reason: NEWLY_SUPPORTED_DATATYPE. cV=sDvPJYyRzbzoOLeE1hHdfF}
{"logTime": "0913/110940", "correlationVector":"sDvPJYyRzbzoOLeE1hHdfF.1","action":"SyncServerConnectionManagerRequest", "result":"SYNC_SERVER_OK", "context":{"environment":"Prod_southeastasia_prod-s01-065-apac-southeastasia", "migrationStage":"NotStarted", "server":"akswtt003000030"}}
{"logTime": "0913/110940", "correlationVector":"sDvPJYyRzbzoOLeE1hHdfF.2","action":"ProcessGetUpdates", "result":"Done", "context":{"dataType":"Preferences", "deleted":"0", "process_failed_to_decrypt":"0", "process_pending_decryption":"0", "process_success":"1", "total":"1"}}
{"logTime": "0913/110940", "correlationVector":"sDvPJYyRzbzoOLeE1hHdfF.3","action":"ProcessGetUpdates", "result":"Done", "context":{"dataType":"Autofill", "deleted":"0", "process_failed_to_decrypt":"0", "process_pending_decryption":"0", "process_success":"32", "total":"32"}}
{"logTime": "0913/110940", "correlationVector":"sDvPJYyRzbzoOLeE1hHdfF.4","action":"ProcessGetUpdates", "result":"Done", "context":{"dataType":"Sessions", "deleted":"213", "process_failed_to_decrypt":"0", "process_pending_decryption":"0", "process_success":"213", "total":"213"}}
{"logTime": "0913/110940", "correlationVector":"sDvPJYyRzbzoOLeE1hHdfF.5","action":"ProcessGetUpdates", "result":"Done", "context":{"dataType":"Web Apps", "deleted":"0", "process_failed_to_decrypt":"0", "process_pending_decryption":"0", "process_success":"1", "total":"1"}}
{"logTime": "0913/110940", "correlationVector":"sDvPJYyRzbzoOLeE1hHdfF.6","action":"ProcessGetUpdates", "result":"Done", "context":{"dataType":"Saved Tab Group", "deleted":"3", "process_failed_to_decrypt":"0", "process_pending_decryption":"0", "process_success":"3", "total":"3"}}
{"logTime": "0913/110940", "correlationVector":"sDvPJYyRzbzoOLeE1hHdfF.7","action":"GetUpdates Response", "result":"Success", "context":Received 250 update(s). cV=sDvPJYyRzbzoOLeE1hHdfF.0;server=akswtt003000030;cloudType=Consumer;environment=Prod_southeastasia_prod-s01-065-apac-southeastasia;migrationStage=NotStarted Some updates remain.}
{"logTime": "0913/110940", "correlationVector":"wMVRzdJCwIHDUwsId3Aww1","action":"Initial GetUpdates", "result":"", "context":Reason: NEWLY_SUPPORTED_DATATYPE. cV=wMVRzdJCwIHDUwsId3Aww1}
{"logTime": "0913/110941", "correlationVector":"wMVRzdJCwIHDUwsId3Aww1.1","action":"SyncServerConnectionManagerRequest", "result":"SYNC_SERVER_OK", "context":{"environment":"Prod_southeastasia_prod-s01-065-apac-southeastasia", "migrationStage":"NotStarted", "server":"akswtt00300002x"}}
{"logTime": "0913/110941", "correlationVector":"wMVRzdJCwIHDUwsId3Aww1.2","action":"ProcessGetUpdates", "result":"Done", "context":{"dataType":"Bookmarks", "deleted":"0", "process_failed_to_decrypt":"0", "process_pending_decryption":"0", "process_success":"1", "total":"1"}}
{"logTime": "0913/110941", "correlationVector":"wMVRzdJCwIHDUwsId3Aww1.3","action":"ProcessGetUpdates", "result":"Done", "context":{"dataType":"Preferences", "deleted":"0", "process_failed_to_decrypt":"0", "process_pending_decryption":"0", "process_success":"2", "total":"2"}}
{"logTime": "0913/110941", "correlationVector":"wMVRzdJCwIHDUwsId3Aww1.4","action":"ProcessGetUpdates", "result":"Done", "context":{"dataType":"Autofill Profiles", "deleted":"1", "process_failed_to_decrypt":"0", "process_pending_decryption":"0", "process_success":"2", "total":"2"}}
{"logTime": "0913/110941", "correlationVector":"wMVRzdJCwIHDUwsId3Aww1.5","action":"ProcessGetUpdates", "result":"Done", "context":{"dataType":"Autofill", "deleted":"0", "process_failed_to_decrypt":"0", "process_pending_decryption":"0", "process_success":"27", "total":"27"}}
{"logTime": "0913/110941", "correlationVector":"wMVRzdJCwIHDUwsId3Aww1.6","action":"ProcessGetUpdates", "result":"Done", "context":{"dataType":"Extensions", "deleted":"0", "process_failed_to_decrypt":"0", "process_pending_decryption":"0", "process_success":"2", "total":"2"}}
{"logTime": "0913/110941", "correlationVector":"wMVRzdJCwIHDUwsId3Aww1.7","action":"ProcessGetUpdates", "result":"Done", "context":{"dataType":"Sessions", "deleted":"207", "process_failed_to_decrypt":"0", "process_pending_decryption":"0", "process_success":"207", "total":"207"}}
{"logTime": "0913/110941", "correlationVector":"wMVRzdJCwIHDUwsId3Aww1.8","action":"ProcessGetUpdates", "result":"Done", "context":{"dataType":"Edge Hub App Usage", "deleted":"5", "process_failed_to_decrypt":"0", "process_pending_decryption":"0", "process_success":"9", "total":"9"}}
{"logTime": "0913/110941", "correlationVector":"wMVRzdJCwIHDUwsId3Aww1.9","action":"GetUpdates Response", "result":"Success", "context":Received 250 update(s). cV=wMVRzdJCwIHDUwsId3Aww1.0;server=akswtt00300002x;cloudType=Consumer;environment=Prod_southeastasia_prod-s01-065-apac-southeastasia;migrationStage=NotStarted Some updates remain.}
{"logTime": "0913/110941", "correlationVector":"5UMnqncwaMwNNtbRUWYqcq","action":"Initial GetUpdates", "result":"", "context":Reason: NEWLY_SUPPORTED_DATATYPE. cV=5UMnqncwaMwNNtbRUWYqcq}
{"logTime": "0913/110941", "correlationVector":"5UMnqncwaMwNNtbRUWYqcq.1","action":"SyncServerConnectionManagerRequest", "result":"SYNC_SERVER_OK", "context":{"environment":"Prod_southeastasia_prod-s01-065-apac-southeastasia", "migrationStage":"NotStarted", "server":"akswtt00300004k"}}
{"logTime": "0913/110941", "correlationVector":"5UMnqncwaMwNNtbRUWYqcq.2","action":"ProcessGetUpdates", "result":"Done", "context":{"dataType":"Bookmarks", "deleted":"0", "process_failed_to_decrypt":"0", "process_pending_decryption":"0", "process_success":"1", "total":"1"}}
{"logTime": "0913/110941", "correlationVector":"5UMnqncwaMwNNtbRUWYqcq.3","action":"ProcessGetUpdates", "result":"Done", "context":{"dataType":"Autofill Profiles", "deleted":"0", "process_failed_to_decrypt":"0", "process_pending_decryption":"0", "process_success":"1", "total":"1"}}
{"logTime": "0913/110941", "correlationVector":"5UMnqncwaMwNNtbRUWYqcq.4","action":"ProcessGetUpdates", "result":"Done", "context":{"dataType":"Autofill", "deleted":"0", "process_failed_to_decrypt":"0", "process_pending_decryption":"0", "process_success":"10", "total":"10"}}
{"logTime": "0913/110941", "correlationVector":"5UMnqncwaMwNNtbRUWYqcq.5","action":"ProcessGetUpdates", "result":"Done", "context":{"dataType":"Extensions", "deleted":"0", "process_failed_to_decrypt":"0", "process_pending_decryption":"0", "process_success":"1", "total":"1"}}
{"logTime": "0913/110941", "correlationVector":"5UMnqncwaMwNNtbRUWYqcq.6","action":"ProcessGetUpdates", "result":"Done", "context":{"dataType":"Sessions", "deleted":"235", "process_failed_to_decrypt":"0", "process_pending_decryption":"0", "process_success":"235", "total":"235"}}
{"logTime": "0913/110941", "correlationVector":"5UMnqncwaMwNNtbRUWYqcq.7","action":"ProcessGetUpdates", "result":"Done", "context":{"dataType":"Edge Hub App Usage", "deleted":"1", "process_failed_to_decrypt":"0", "process_pending_decryption":"0", "process_success":"2", "total":"2"}}
{"logTime": "0913/110941", "correlationVector":"5UMnqncwaMwNNtbRUWYqcq.8","action":"GetUpdates Response", "result":"Success", "context":Received 250 update(s). cV=5UMnqncwaMwNNtbRUWYqcq.0;server=akswtt00300004k;cloudType=Consumer;environment=Prod_southeastasia_prod-s01-065-apac-southeastasia;migrationStage=NotStarted Some updates remain.}
{"logTime": "0913/110941", "correlationVector":"1Gb05cwJDxrBkn0kGyo7c8","action":"Initial GetUpdates", "result":"", "context":Reason: NEWLY_SUPPORTED_DATATYPE. cV=1Gb05cwJDxrBkn0kGyo7c8}
{"logTime": "0913/110942", "correlationVector":"1Gb05cwJDxrBkn0kGyo7c8.1","action":"SyncServerConnectionManagerRequest", "result":"SYNC_SERVER_OK", "context":{"environment":"Prod_southeastasia_prod-s01-065-apac-southeastasia", "migrationStage":"NotStarted", "server":"akswtt00300002u"}}
{"logTime": "0913/110942", "correlationVector":"1Gb05cwJDxrBkn0kGyo7c8.2","action":"ProcessGetUpdates", "result":"Done", "context":{"dataType":"Preferences", "deleted":"0", "process_failed_to_decrypt":"0", "process_pending_decryption":"0", "process_success":"4", "total":"4"}}
{"logTime": "0913/110942", "correlationVector":"1Gb05cwJDxrBkn0kGyo7c8.3","action":"ProcessGetUpdates", "result":"Done", "context":{"dataType":"Autofill Profiles", "deleted":"2", "process_failed_to_decrypt":"0", "process_pending_decryption":"0", "process_success":"3", "total":"3"}}
{"logTime": "0913/110942", "correlationVector":"1Gb05cwJDxrBkn0kGyo7c8.4","action":"ProcessGetUpdates", "result":"Done", "context":{"dataType":"Autofill", "deleted":"0", "process_failed_to_decrypt":"0", "process_pending_decryption":"0", "process_success":"9", "total":"9"}}
{"logTime": "0913/110942", "correlationVector":"1Gb05cwJDxrBkn0kGyo7c8.5","action":"ProcessGetUpdates", "result":"Done", "context":{"dataType":"Extensions", "deleted":"0", "process_failed_to_decrypt":"0", "process_pending_decryption":"0", "process_success":"2", "total":"2"}}
{"logTime": "0913/110942", "correlationVector":"1Gb05cwJDxrBkn0kGyo7c8.6","action":"ProcessGetUpdates", "result":"Done", "context":{"dataType":"Sessions", "deleted":"204", "process_failed_to_decrypt":"0", "process_pending_decryption":"0", "process_success":"222", "total":"222"}}
{"logTime": "0913/110942", "correlationVector":"1Gb05cwJDxrBkn0kGyo7c8.7","action":"ProcessGetUpdates", "result":"Done", "context":{"dataType":"Edge Hub App Usage", "deleted":"9", "process_failed_to_decrypt":"0", "process_pending_decryption":"0", "process_success":"10", "total":"10"}}
{"logTime": "0913/110942", "correlationVector":"1Gb05cwJDxrBkn0kGyo7c8.8","action":"GetUpdates Response", "result":"Success", "context":Received 250 update(s). cV=1Gb05cwJDxrBkn0kGyo7c8.0;server=akswtt00300002u;cloudType=Consumer;environment=Prod_southeastasia_prod-s01-065-apac-southeastasia;migrationStage=NotStarted Some updates remain.}
{"logTime": "0913/110942", "correlationVector":"+ObAYEQw0AnnHVo9ulKTbx","action":"Initial GetUpdates", "result":"", "context":Reason: NEWLY_SUPPORTED_DATATYPE. cV=+ObAYEQw0AnnHVo9ulKTbx}
{"logTime": "0913/110942", "correlationVector":"+ObAYEQw0AnnHVo9ulKTbx.1","action":"SyncServerConnectionManagerRequest", "result":"SYNC_SERVER_OK", "context":{"environment":"Prod_southeastasia_prod-s01-065-apac-southeastasia", "migrationStage":"NotStarted", "server":"akswtt00300004k"}}
{"logTime": "0913/110942", "correlationVector":"+ObAYEQw0AnnHVo9ulKTbx.2","action":"ProcessGetUpdates", "result":"Done", "context":{"dataType":"Sessions", "deleted":"2", "process_failed_to_decrypt":"0", "process_pending_decryption":"0", "process_success":"7", "total":"7"}}
{"logTime": "0913/110942", "correlationVector":"+ObAYEQw0AnnHVo9ulKTbx.3","action":"GetUpdates Response", "result":"Success", "context":Received 7 update(s). cV=+ObAYEQw0AnnHVo9ulKTbx.0;server=akswtt00300004k;cloudType=Consumer;environment=Prod_southeastasia_prod-s01-065-apac-southeastasia;migrationStage=NotStarted}
{"logTime": "0913/110942", "correlationVector":"IeSkIiauOkDHjzX6lpRD3h","action":"Initial GetUpdates", "result":"", "context":Reason: NEWLY_SUPPORTED_DATATYPE. cV=IeSkIiauOkDHjzX6lpRD3h}
{"logTime": "0913/110943", "correlationVector":"IeSkIiauOkDHjzX6lpRD3h.1","action":"SyncServerConnectionManagerRequest", "result":"SYNC_SERVER_OK", "context":{"environment":"Prod_southeastasia_prod-s01-065-apac-southeastasia", "migrationStage":"NotStarted", "server":"akswtt00300002y"}}
{"logTime": "0913/110943", "correlationVector":"IeSkIiauOkDHjzX6lpRD3h.2","action":"ProcessGetUpdates", "result":"Done", "context":{"dataType":"History", "deleted":"0", "process_failed_to_decrypt":"0", "process_pending_decryption":"0", "process_success":"250", "total":"250"}}
{"logTime": "0913/110943", "correlationVector":"IeSkIiauOkDHjzX6lpRD3h.3","action":"GetUpdates Response", "result":"Success", "context":Received 250 update(s). cV=IeSkIiauOkDHjzX6lpRD3h.0;server=akswtt00300002y;cloudType=Consumer;environment=Prod_southeastasia_prod-s01-065-apac-southeastasia;migrationStage=NotStarted Some updates remain.}
{"logTime": "0913/110943", "correlationVector":"g0c5944OLupfKUXJqcDgSS","action":"Initial GetUpdates", "result":"", "context":Reason: NEWLY_SUPPORTED_DATATYPE. cV=g0c5944OLupfKUXJqcDgSS}
{"logTime": "0913/110943", "correlationVector":"g0c5944OLupfKUXJqcDgSS.1","action":"SyncServerConnectionManagerRequest", "result":"SYNC_SERVER_OK", "context":{"environment":"Prod_southeastasia_prod-s01-065-apac-southeastasia", "migrationStage":"NotStarted", "server":"akswtt003000007"}}
{"logTime": "0913/110943", "correlationVector":"g0c5944OLupfKUXJqcDgSS.2","action":"ProcessGetUpdates", "result":"Done", "context":{"dataType":"History", "deleted":"0", "process_failed_to_decrypt":"0", "process_pending_decryption":"0", "process_success":"250", "total":"250"}}
{"logTime": "0913/110943", "correlationVector":"g0c5944OLupfKUXJqcDgSS.3","action":"GetUpdates Response", "result":"Success", "context":Received 250 update(s). cV=g0c5944OLupfKUXJqcDgSS.0;server=akswtt003000007;cloudType=Consumer;environment=Prod_southeastasia_prod-s01-065-apac-southeastasia;migrationStage=NotStarted Some updates remain.}
{"logTime": "0913/110943", "correlationVector":"xtQENVLitMA7JHz7cpnuJz","action":"Initial GetUpdates", "result":"", "context":Reason: NEWLY_SUPPORTED_DATATYPE. cV=xtQENVLitMA7JHz7cpnuJz}
{"logTime": "0913/110944", "correlationVector":"xtQENVLitMA7JHz7cpnuJz.1","action":"SyncServerConnectionManagerRequest", "result":"SYNC_SERVER_OK", "context":{"environment":"Prod_southeastasia_prod-s01-065-apac-southeastasia", "migrationStage":"NotStarted", "server":"akswtt00300002o"}}
{"logTime": "0913/110944", "correlationVector":"xtQENVLitMA7JHz7cpnuJz.2","action":"ProcessGetUpdates", "result":"Done", "context":{"dataType":"History", "deleted":"0", "process_failed_to_decrypt":"0", "process_pending_decryption":"0", "process_success":"250", "total":"250"}}
{"logTime": "0913/110944", "correlationVector":"xtQENVLitMA7JHz7cpnuJz.3","action":"GetUpdates Response", "result":"Success", "context":Received 250 update(s). cV=xtQENVLitMA7JHz7cpnuJz.0;server=akswtt00300002o;cloudType=Consumer;environment=Prod_southeastasia_prod-s01-065-apac-southeastasia;migrationStage=NotStarted Some updates remain.}
{"logTime": "0913/110944", "correlationVector":"64SxZmXjrK2rbA9AIDvMeg","action":"Initial GetUpdates", "result":"", "context":Reason: NEWLY_SUPPORTED_DATATYPE. cV=64SxZmXjrK2rbA9AIDvMeg}
{"logTime": "0913/110945", "correlationVector":"64SxZmXjrK2rbA9AIDvMeg.1","action":"SyncServerConnectionManagerRequest", "result":"SYNC_SERVER_OK", "context":{"environment":"Prod_southeastasia_prod-s01-065-apac-southeastasia", "migrationStage":"NotStarted", "server":"akswtt00300002y"}}
{"logTime": "0913/110945", "correlationVector":"64SxZmXjrK2rbA9AIDvMeg.2","action":"ProcessGetUpdates", "result":"Done", "context":{"dataType":"History", "deleted":"0", "process_failed_to_decrypt":"0", "process_pending_decryption":"0", "process_success":"250", "total":"250"}}
{"logTime": "0913/110945", "correlationVector":"64SxZmXjrK2rbA9AIDvMeg.3","action":"GetUpdates Response", "result":"Success", "context":Received 250 update(s). cV=64SxZmXjrK2rbA9AIDvMeg.0;server=akswtt00300002y;cloudType=Consumer;environment=Prod_southeastasia_prod-s01-065-apac-southeastasia;migrationStage=NotStarted Some updates remain.}
{"logTime": "0913/110945", "correlationVector":"4uHd1Q8gBAKd+FLzqqPp/m","action":"Initial GetUpdates", "result":"", "context":Reason: NEWLY_SUPPORTED_DATATYPE. cV=4uHd1Q8gBAKd+FLzqqPp/m}
{"logTime": "0913/110946", "correlationVector":"4uHd1Q8gBAKd+FLzqqPp/m.1","action":"SyncServerConnectionManagerRequest", "result":"SYNC_SERVER_OK", "context":{"environment":"Prod_southeastasia_prod-s01-065-apac-southeastasia", "migrationStage":"NotStarted", "server":"akswtt003000037"}}
{"logTime": "0913/110946", "correlationVector":"4uHd1Q8gBAKd+FLzqqPp/m.2","action":"ProcessGetUpdates", "result":"Done", "context":{"dataType":"History", "deleted":"0", "process_failed_to_decrypt":"0", "process_pending_decryption":"0", "process_success":"250", "total":"250"}}
{"logTime": "0913/110946", "correlationVector":"4uHd1Q8gBAKd+FLzqqPp/m.3","action":"GetUpdates Response", "result":"Success", "context":Received 250 update(s). cV=4uHd1Q8gBAKd+FLzqqPp/m.0;server=akswtt003000037;cloudType=Consumer;environment=Prod_southeastasia_prod-s01-065-apac-southeastasia;migrationStage=NotStarted Some updates remain.}
{"logTime": "0913/110946", "correlationVector":"S9H32h7/tJY2Yw5VXuwufY","action":"Initial GetUpdates", "result":"", "context":Reason: NEWLY_SUPPORTED_DATATYPE. cV=S9H32h7/tJY2Yw5VXuwufY}
{"logTime": "0913/110946", "correlationVector":"S9H32h7/tJY2Yw5VXuwufY.1","action":"SyncServerConnectionManagerRequest", "result":"SYNC_SERVER_OK", "context":{"environment":"Prod_southeastasia_prod-s01-065-apac-southeastasia", "migrationStage":"NotStarted", "server":"akswtt00300003c"}}
{"logTime": "0913/110946", "correlationVector":"S9H32h7/tJY2Yw5VXuwufY.2","action":"ProcessGetUpdates", "result":"Done", "context":{"dataType":"History", "deleted":"0", "process_failed_to_decrypt":"0", "process_pending_decryption":"0", "process_success":"250", "total":"250"}}
{"logTime": "0913/110946", "correlationVector":"S9H32h7/tJY2Yw5VXuwufY.3","action":"GetUpdates Response", "result":"Success", "context":Received 250 update(s). cV=S9H32h7/tJY2Yw5VXuwufY.0;server=akswtt00300003c;cloudType=Consumer;environment=Prod_southeastasia_prod-s01-065-apac-southeastasia;migrationStage=NotStarted Some updates remain.}
{"logTime": "0913/110946", "correlationVector":"eU58debl6SBiRVRcXDcrFV","action":"Initial GetUpdates", "result":"", "context":Reason: NEWLY_SUPPORTED_DATATYPE. cV=eU58debl6SBiRVRcXDcrFV}
{"logTime": "0913/110947", "correlationVector":"eU58debl6SBiRVRcXDcrFV.1","action":"SyncServerConnectionManagerRequest", "result":"SYNC_SERVER_OK", "context":{"environment":"Prod_southeastasia_prod-s01-065-apac-southeastasia", "migrationStage":"NotStarted", "server":"akswtt00300002f"}}
{"logTime": "0913/110947", "correlationVector":"eU58debl6SBiRVRcXDcrFV.2","action":"ProcessGetUpdates", "result":"Done", "context":{"dataType":"History", "deleted":"0", "process_failed_to_decrypt":"0", "process_pending_decryption":"0", "process_success":"250", "total":"250"}}
{"logTime": "0913/110947", "correlationVector":"eU58debl6SBiRVRcXDcrFV.3","action":"GetUpdates Response", "result":"Success", "context":Received 250 update(s). cV=eU58debl6SBiRVRcXDcrFV.0;server=akswtt00300002f;cloudType=Consumer;environment=Prod_southeastasia_prod-s01-065-apac-southeastasia;migrationStage=NotStarted Some updates remain.}
{"logTime": "0913/110947", "correlationVector":"srypxJgk9/AawpMnkezuVx","action":"Initial GetUpdates", "result":"", "context":Reason: NEWLY_SUPPORTED_DATATYPE. cV=srypxJgk9/AawpMnkezuVx}
{"logTime": "0913/110947", "correlationVector":"srypxJgk9/AawpMnkezuVx.1","action":"SyncServerConnectionManagerRequest", "result":"SYNC_SERVER_OK", "context":{"environment":"Prod_southeastasia_prod-s01-065-apac-southeastasia", "migrationStage":"NotStarted", "server":"akswtt003000023"}}
{"logTime": "0913/110947", "correlationVector":"srypxJgk9/AawpMnkezuVx.2","action":"ProcessGetUpdates", "result":"Done", "context":{"dataType":"History", "deleted":"0", "process_failed_to_decrypt":"0", "process_pending_decryption":"0", "process_success":"250", "total":"250"}}
{"logTime": "0913/110947", "correlationVector":"srypxJgk9/AawpMnkezuVx.3","action":"GetUpdates Response", "result":"Success", "context":Received 250 update(s). cV=srypxJgk9/AawpMnkezuVx.0;server=akswtt003000023;cloudType=Consumer;environment=Prod_southeastasia_prod-s01-065-apac-southeastasia;migrationStage=NotStarted Some updates remain.}
{"logTime": "0913/110947", "correlationVector":"p58udycCo4VlkgUEGRPB5s","action":"Initial GetUpdates", "result":"", "context":Reason: NEWLY_SUPPORTED_DATATYPE. cV=p58udycCo4VlkgUEGRPB5s}
{"logTime": "0913/110948", "correlationVector":"p58udycCo4VlkgUEGRPB5s.1","action":"SyncServerConnectionManagerRequest", "result":"SYNC_SERVER_OK", "context":{"environment":"Prod_southeastasia_prod-s01-065-apac-southeastasia", "migrationStage":"NotStarted", "server":"akswtt00300002w"}}
{"logTime": "0913/110948", "correlationVector":"p58udycCo4VlkgUEGRPB5s.2","action":"ProcessGetUpdates", "result":"Done", "context":{"dataType":"History", "deleted":"0", "process_failed_to_decrypt":"0", "process_pending_decryption":"0", "process_success":"250", "total":"250"}}
{"logTime": "0913/110948", "correlationVector":"p58udycCo4VlkgUEGRPB5s.3","action":"GetUpdates Response", "result":"Success", "context":Received 250 update(s). cV=p58udycCo4VlkgUEGRPB5s.0;server=akswtt00300002w;cloudType=Consumer;environment=Prod_southeastasia_prod-s01-065-apac-southeastasia;migrationStage=NotStarted Some updates remain.}
{"logTime": "0913/110948", "correlationVector":"QVQ5IBqUlsN200R8pJa4HU","action":"Initial GetUpdates", "result":"", "context":Reason: NEWLY_SUPPORTED_DATATYPE. cV=QVQ5IBqUlsN200R8pJa4HU}
{"logTime": "0913/110948", "correlationVector":"QVQ5IBqUlsN200R8pJa4HU.1","action":"SyncServerConnectionManagerRequest", "result":"SYNC_SERVER_OK", "context":{"environment":"Prod_southeastasia_prod-s01-065-apac-southeastasia", "migrationStage":"NotStarted", "server":"akswtt00300000e"}}
{"logTime": "0913/110948", "correlationVector":"QVQ5IBqUlsN200R8pJa4HU.2","action":"ProcessGetUpdates", "result":"Done", "context":{"dataType":"History", "deleted":"0", "process_failed_to_decrypt":"0", "process_pending_decryption":"0", "process_success":"250", "total":"250"}}
{"logTime": "0913/110948", "correlationVector":"QVQ5IBqUlsN200R8pJa4HU.3","action":"GetUpdates Response", "result":"Success", "context":Received 250 update(s). cV=QVQ5IBqUlsN200R8pJa4HU.0;server=akswtt00300000e;cloudType=Consumer;environment=Prod_southeastasia_prod-s01-065-apac-southeastasia;migrationStage=NotStarted Some updates remain.}
{"logTime": "0913/110948", "correlationVector":"vYquGKHK3B/vbpaJp/F+UD","action":"Initial GetUpdates", "result":"", "context":Reason: NEWLY_SUPPORTED_DATATYPE. cV=vYquGKHK3B/vbpaJp/F+UD}
{"logTime": "0913/110949", "correlationVector":"vYquGKHK3B/vbpaJp/F+UD.1","action":"SyncServerConnectionManagerRequest", "result":"SYNC_SERVER_OK", "context":{"environment":"Prod_southeastasia_prod-s01-065-apac-southeastasia", "migrationStage":"NotStarted", "server":"akswtt003000023"}}
{"logTime": "0913/110949", "correlationVector":"vYquGKHK3B/vbpaJp/F+UD.2","action":"ProcessGetUpdates", "result":"Done", "context":{"dataType":"History", "deleted":"0", "process_failed_to_decrypt":"0", "process_pending_decryption":"0", "process_success":"250", "total":"250"}}
{"logTime": "0913/110949", "correlationVector":"vYquGKHK3B/vbpaJp/F+UD.3","action":"GetUpdates Response", "result":"Success", "context":Received 250 update(s). cV=vYquGKHK3B/vbpaJp/F+UD.0;server=akswtt003000023;cloudType=Consumer;environment=Prod_southeastasia_prod-s01-065-apac-southeastasia;migrationStage=NotStarted Some updates remain.}
{"logTime": "0913/110949", "correlationVector":"lDiSaaFdSc37BcA+Pbe1UI","action":"Initial GetUpdates", "result":"", "context":Reason: NEWLY_SUPPORTED_DATATYPE. cV=lDiSaaFdSc37BcA+Pbe1UI}
{"logTime": "0913/110949", "correlationVector":"lDiSaaFdSc37BcA+Pbe1UI.1","action":"SyncServerConnectionManagerRequest", "result":"SYNC_SERVER_OK", "context":{"environment":"Prod_southeastasia_prod-s01-065-apac-southeastasia", "migrationStage":"NotStarted", "server":"akswtt00300002k"}}
{"logTime": "0913/110949", "correlationVector":"lDiSaaFdSc37BcA+Pbe1UI.2","action":"ProcessGetUpdates", "result":"Done", "context":{"dataType":"History", "deleted":"0", "process_failed_to_decrypt":"0", "process_pending_decryption":"0", "process_success":"222", "total":"222"}}
{"logTime": "0913/110949", "correlationVector":"lDiSaaFdSc37BcA+Pbe1UI.3","action":"GetUpdates Response", "result":"Success", "context":Received 222 update(s). cV=lDiSaaFdSc37BcA+Pbe1UI.0;server=akswtt00300002k;cloudType=Consumer;environment=Prod_southeastasia_prod-s01-065-apac-southeastasia;migrationStage=NotStarted}
{"logTime": "0913/110950", "correlationVector":"6UMvafKBPvohpuSOuMhqIQ","action":"Normal GetUpdate request", "result":"", "context":cV=6UMvafKBPvohpuSOuMhqIQ
Nudged types: Sessions, Device Info, User Consents, History
Refresh requested types: Bookmarks, Preferences, Passwords, Autofill Profiles, Autofill, Extensions, Sessions, Extension settings, History Delete Directives, Device Info, User Consents, Send Tab To Self, Web Apps, History, Saved Tab Group, WebAuthn Credentials, Edge Hub App Usage, Edge Workspace, Encryption Keys}
{"logTime": "0913/110950", "correlationVector":"6UMvafKBPvohpuSOuMhqIQ.1","action":"SyncServerConnectionManagerRequest", "result":"SYNC_SERVER_OK", "context":{"environment":"Prod_southeastasia_prod-s01-065-apac-southeastasia", "migrationStage":"NotStarted", "server":"akswtt00300001i"}}
{"logTime": "0913/110950", "correlationVector":"6UMvafKBPvohpuSOuMhqIQ.2","action":"ProcessGetUpdates", "result":"Done", "context":{"dataType":"Preferences", "deleted":"0", "process_failed_to_decrypt":"0", "process_pending_decryption":"0", "process_success":"1", "total":"1"}}
{"logTime": "0913/110950", "correlationVector":"6UMvafKBPvohpuSOuMhqIQ.3","action":"ProcessGetUpdates", "result":"Done", "context":{"dataType":"Device Info", "deleted":"0", "process_failed_to_decrypt":"0", "process_pending_decryption":"0", "process_success":"1", "total":"1"}}
{"logTime": "0913/110950", "correlationVector":"6UMvafKBPvohpuSOuMhqIQ.4","action":"GetUpdates Response", "result":"Success", "context":Received 2 update(s). cV=6UMvafKBPvohpuSOuMhqIQ.0;server=akswtt00300001i;cloudType=Consumer;environment=Prod_southeastasia_prod-s01-065-apac-southeastasia;migrationStage=NotStarted}
{"logTime": "0913/110950", "correlationVector":"Jbz8KCIzXOoTbjsAGCyORo","action":"Commit Request", "result":"", "context":Item count: 6
Contributing types: Sessions, Device Info, User Consents, History}
{"logTime": "0913/110951", "correlationVector":"Jbz8KCIzXOoTbjsAGCyORo.1","action":"SyncServerConnectionManagerRequest", "result":"SYNC_SERVER_OK", "context":{"environment":"Prod_southeastasia_prod-s01-065-apac-southeastasia", "migrationStage":"NotStarted", "server":"akswtt003000037"}}
{"logTime": "0913/110951", "correlationVector":"Jbz8KCIzXOoTbjsAGCyORo.2","action":"Commit Response", "result":"Success", "context":Result: Success. cV=Jbz8KCIzXOoTbjsAGCyORo.0;server=akswtt003000037;cloudType=Consumer;environment=Prod_southeastasia_prod-s01-065-apac-southeastasia;migrationStage=NotStarted}
{"logTime": "0913/111023", "correlationVector":"1qE84xCW2+pLhh9XoiPckH","action":"Commit Request", "result":"", "context":Item count: 40
Contributing types: Passwords}
{"logTime": "0913/111027", "correlationVector":"1qE84xCW2+pLhh9XoiPckH.1","action":"SyncServerConnectionManagerRequest", "result":"SYNC_SERVER_OK", "context":{"environment":"Prod_southeastasia_prod-s01-064-apac-southeastasia", "migrationStage":"NotStarted", "server":"akswtt003000000"}}
{"logTime": "0913/111027", "correlationVector":"1qE84xCW2+pLhh9XoiPckH.2","action":"Commit Response", "result":"Success", "context":Result: Success. cV=1qE84xCW2+pLhh9XoiPckH.0;server=akswtt003000000;cloudType=Consumer;environment=Prod_southeastasia_prod-s01-064-apac-southeastasia;migrationStage=NotStarted}
{"logTime": "0913/111027", "correlationVector":"ojywj6pjXhWodDeKlebAzL","action":"Commit Request", "result":"", "context":Item count: 40
Contributing types: Passwords}
{"logTime": "0913/111031", "correlationVector":"ojywj6pjXhWodDeKlebAzL.1","action":"SyncServerConnectionManagerRequest", "result":"SYNC_SERVER_OK", "context":{"environment":"Prod_southeastasia_prod-s01-064-apac-southeastasia", "migrationStage":"NotStarted", "server":"akswtt00300000j"}}
{"logTime": "0913/111031", "correlationVector":"ojywj6pjXhWodDeKlebAzL.2","action":"Commit Response", "result":"Success", "context":Result: Success. cV=ojywj6pjXhWodDeKlebAzL.0;server=akswtt00300000j;cloudType=Consumer;environment=Prod_southeastasia_prod-s01-064-apac-southeastasia;migrationStage=NotStarted}
{"logTime": "0913/111031", "correlationVector":"WwA40EuEzcvlpmvhnczFgB","action":"Commit Request", "result":"", "context":Item count: 21
Contributing types: Passwords, Sessions}
{"logTime": "0913/111034", "correlationVector":"WwA40EuEzcvlpmvhnczFgB.1","action":"SyncServerConnectionManagerRequest", "result":"SYNC_SERVER_OK", "context":{"environment":"Prod_southeastasia_prod-s01-064-apac-southeastasia", "migrationStage":"NotStarted", "server":"akswtt003000032"}}
{"logTime": "0913/111034", "correlationVector":"WwA40EuEzcvlpmvhnczFgB.2","action":"Commit Response", "result":"Success", "context":Result: Success. cV=WwA40EuEzcvlpmvhnczFgB.0;server=akswtt003000032;cloudType=Consumer;environment=Prod_southeastasia_prod-s01-064-apac-southeastasia;migrationStage=NotStarted}
{"logTime": "0913/111037", "correlationVector":"vPgLZXB/S/+lL1XxwTFvCn","action":"Normal GetUpdate request", "result":"", "context":cV=vPgLZXB/S/+lL1XxwTFvCn
Notified types: Preferences, Device Info}
{"logTime": "0913/111038", "correlationVector":"vPgLZXB/S/+lL1XxwTFvCn.1","action":"SyncServerConnectionManagerRequest", "result":"SYNC_SERVER_OK", "context":{"environment":"Prod_southeastasia_prod-s01-064-apac-southeastasia", "migrationStage":"NotStarted", "server":"akswtt00300000s"}}
{"logTime": "0913/111038", "correlationVector":"vPgLZXB/S/+lL1XxwTFvCn.2","action":"ProcessGetUpdates", "result":"Done", "context":{"dataType":"Preferences", "deleted":"0", "process_failed_to_decrypt":"0", "process_pending_decryption":"0", "process_success":"1", "total":"1"}}
{"logTime": "0913/111038", "correlationVector":"vPgLZXB/S/+lL1XxwTFvCn.3","action":"ProcessGetUpdates", "result":"Done", "context":{"dataType":"Passwords", "deleted":"0", "process_failed_to_decrypt":"0", "process_pending_decryption":"0", "process_success":"100", "total":"100"}}
{"logTime": "0913/111038", "correlationVector":"vPgLZXB/S/+lL1XxwTFvCn.4","action":"ProcessGetUpdates", "result":"Done", "context":{"dataType":"Sessions", "deleted":"0", "process_failed_to_decrypt":"0", "process_pending_decryption":"0", "process_success":"3", "total":"3"}}
{"logTime": "0913/111038", "correlationVector":"vPgLZXB/S/+lL1XxwTFvCn.5","action":"ProcessGetUpdates", "result":"Done", "context":{"dataType":"Device Info", "deleted":"0", "process_failed_to_decrypt":"0", "process_pending_decryption":"0", "process_success":"2", "total":"2"}}
{"logTime": "0913/111038", "correlationVector":"vPgLZXB/S/+lL1XxwTFvCn.6","action":"ProcessGetUpdates", "result":"Done", "context":{"dataType":"History", "deleted":"0", "process_failed_to_decrypt":"0", "process_pending_decryption":"0", "process_success":"2", "total":"2"}}
{"logTime": "0913/111038", "correlationVector":"vPgLZXB/S/+lL1XxwTFvCn.7","action":"GetUpdates Response", "result":"Success", "context":Received 108 update(s). cV=vPgLZXB/S/+lL1XxwTFvCn.0;server=akswtt00300000s;cloudType=Consumer;environment=Prod_southeastasia_prod-s01-064-apac-southeastasia;migrationStage=NotStarted}
{"logTime": "0913/111038", "correlationVector":"83Wh6kBw9HguMh6Upo4y7t","action":"DoCompareDataConsistency requsted types: ", "result":"Bookmarks, Preferences, Passwords, Extensions, Extension settings, History Delete Directives, Send Tab To Self, Web Apps, History, Saved Tab Group, WebAuthn Credentials, Edge Workspace, Encryption Keys"}
{"logTime": "0913/111038", "correlationVector":"83Wh6kBw9HguMh6Upo4y7t.0","action":"CompareDataConsistency result: ", "result":"Compare result: Encryption Keys is consistent. local entities count is: 1 local entities hash is: SoRSuH6l2utjpVVRv/NMBCrID0I="}
{"logTime": "0913/111038", "correlationVector":"83Wh6kBw9HguMh6Upo4y7t.1","action":"CompareDataConsistency result: ", "result":"Compare result: Bookmarks is consistent. local entities count is: 132 local entities hash is: hAoC4JfkiGkP8aWCULR69+UsDeo="}
{"logTime": "0913/111038", "correlationVector":"83Wh6kBw9HguMh6Upo4y7t.2","action":"CompareDataConsistency result: ", "result":"Compare result: Preferences is consistent. local entities count is: 152 local entities hash is: WD1dKbQy4VwxQAXGeaSh6py4vR4="}
{"logTime": "0913/111038", "correlationVector":"83Wh6kBw9HguMh6Upo4y7t.3","action":"CompareDataConsistency result: ", "result":"Compare result: Extensions is consistent. local entities count is: 11 local entities hash is: 1M4NPUAvj1Q+3j9v0xQ2aj/LdRc="}
{"logTime": "0913/111038", "correlationVector":"83Wh6kBw9HguMh6Upo4y7t.4","action":"CompareDataConsistency result: ", "result":"Compare result: Extension settings is consistent. local entities count is: 16 local entities hash is: yYogbQAwr072DuQKSeccdJ2DRfU="}
{"logTime": "0913/111038", "correlationVector":"83Wh6kBw9HguMh6Upo4y7t.5","action":"CompareDataConsistency result: ", "result":"Compare result: History Delete Directives is consistent. local entities count is: 0 local entities hash is: "}
{"logTime": "0913/111038", "correlationVector":"83Wh6kBw9HguMh6Upo4y7t.6","action":"CompareDataConsistency result: ", "result":"Server did not send this Send Tab To Self local entities count is: 0 local entities hash is: "}
{"logTime": "0913/111038", "correlationVector":"83Wh6kBw9HguMh6Upo4y7t.7","action":"CompareDataConsistency result: ", "result":"Compare result: Web Apps is consistent. local entities count is: 2 local entities hash is: +5n7MnXLQz8u7lVyMdIYhsNNYUY="}
{"logTime": "0913/111038", "correlationVector":"83Wh6kBw9HguMh6Upo4y7t.8","action":"CompareDataConsistency result: ", "result":"Server did not send this History local entities count is: 0 local entities hash is: "}
{"logTime": "0913/111038", "correlationVector":"83Wh6kBw9HguMh6Upo4y7t.9","action":"CompareDataConsistency result: ", "result":"Compare result: Saved Tab Group is consistent. local entities count is: 2 local entities hash is: mB1Om1swAI0+vq+dAJ95vKv11AI="}
{"logTime": "0913/111038", "correlationVector":"83Wh6kBw9HguMh6Upo4y7t.10","action":"CompareDataConsistency result: ", "result":"Server did not send this WebAuthn Credentials local entities count is: 0 local entities hash is: "}
{"logTime": "0913/111038", "correlationVector":"83Wh6kBw9HguMh6Upo4y7t.11","action":"CompareDataConsistency result: ", "result":"Server did not send this Edge Workspace local entities count is: 0 local entities hash is: "}
{"logTime": "0913/111038", "correlationVector":"83Wh6kBw9HguMh6Upo4y7t.12","action":"CompareDataConsistency result: ", "result":"Compare result: Passwords is consistent. local entities count is: 124 local entities hash is: 0I+LL/vANwxx46Nm3m27i8Ib+R0="}
{"logTime": "0913/111038", "correlationVector":"","action":"DIAGNOSTIC_REQUEST|v1/diagnosticData/Diagnostic.SendCheckResult()|SUCCESS", "result":""}
{"logTime": "0913/111201", "correlationVector":"8bRi9iHhk3AAsa3R7cs+PE","action":"Normal GetUpdate request", "result":"", "context":cV=8bRi9iHhk3AAsa3R7cs+PE
Notified types: History}
{"logTime": "0913/111201", "correlationVector":"8bRi9iHhk3AAsa3R7cs+PE.1","action":"SyncServerConnectionManagerRequest", "result":"SYNC_SERVER_OK", "context":{"environment":"Prod_southeastasia_prod-s01-065-apac-southeastasia", "migrationStage":"NotStarted", "server":"akswtt003000037"}}
{"logTime": "0913/111201", "correlationVector":"8bRi9iHhk3AAsa3R7cs+PE.2","action":"ProcessGetUpdates", "result":"Done", "context":{"dataType":"Sessions", "deleted":"0", "process_failed_to_decrypt":"0", "process_pending_decryption":"0", "process_success":"4", "total":"4"}}
{"logTime": "0913/111201", "correlationVector":"8bRi9iHhk3AAsa3R7cs+PE.3","action":"ProcessGetUpdates", "result":"Done", "context":{"dataType":"History", "deleted":"0", "process_failed_to_decrypt":"0", "process_pending_decryption":"0", "process_success":"4", "total":"4"}}
{"logTime": "0913/111201", "correlationVector":"8bRi9iHhk3AAsa3R7cs+PE.4","action":"GetUpdates Response", "result":"Success", "context":Received 8 update(s). cV=8bRi9iHhk3AAsa3R7cs+PE.0;server=akswtt003000037;cloudType=Consumer;environment=Prod_southeastasia_prod-s01-065-apac-southeastasia;migrationStage=NotStarted}
{"logTime": "0913/111219", "correlationVector":"zyafN5mKaoT6QB0Be0XpnI","action":"Normal GetUpdate request", "result":"", "context":cV=zyafN5mKaoT6QB0Be0XpnI
Notified types: Device Info}
{"logTime": "0913/111219", "correlationVector":"zyafN5mKaoT6QB0Be0XpnI.1","action":"SyncServerConnectionManagerRequest", "result":"SYNC_SERVER_OK", "context":{"environment":"Prod_southeastasia_prod-s01-065-apac-southeastasia", "migrationStage":"NotStarted", "server":"akswtt00300002x"}}
{"logTime": "0913/111219", "correlationVector":"zyafN5mKaoT6QB0Be0XpnI.2","action":"ProcessGetUpdates", "result":"Done", "context":{"dataType":"Device Info", "deleted":"0", "process_failed_to_decrypt":"0", "process_pending_decryption":"0", "process_success":"1", "total":"1"}}
{"logTime": "0913/111219", "correlationVector":"zyafN5mKaoT6QB0Be0XpnI.3","action":"GetUpdates Response", "result":"Success", "context":Received 1 update(s). cV=zyafN5mKaoT6QB0Be0XpnI.0;server=akswtt00300002x;cloudType=Consumer;environment=Prod_southeastasia_prod-s01-065-apac-southeastasia;migrationStage=NotStarted}
{"logTime": "0913/111221", "correlationVector":"1Sa4lbg6tndPDiB2Wh5IMK","action":"Normal GetUpdate request", "result":"", "context":cV=1Sa4lbg6tndPDiB2Wh5IMK
Notified types: Preferences}
{"logTime": "0913/111221", "correlationVector":"1Sa4lbg6tndPDiB2Wh5IMK.1","action":"SyncServerConnectionManagerRequest", "result":"SYNC_SERVER_OK", "context":{"environment":"Prod_southeastasia_prod-s01-065-apac-southeastasia", "migrationStage":"NotStarted", "server":"akswtt00300002o"}}
{"logTime": "0913/111221", "correlationVector":"1Sa4lbg6tndPDiB2Wh5IMK.2","action":"ProcessGetUpdates", "result":"Done", "context":{"dataType":"Preferences", "deleted":"0", "process_failed_to_decrypt":"0", "process_pending_decryption":"0", "process_success":"1", "total":"1"}}
{"logTime": "0913/111221", "correlationVector":"1Sa4lbg6tndPDiB2Wh5IMK.3","action":"GetUpdates Response", "result":"Success", "context":Received 1 update(s). cV=1Sa4lbg6tndPDiB2Wh5IMK.0;server=akswtt00300002o;cloudType=Consumer;environment=Prod_southeastasia_prod-s01-065-apac-southeastasia;migrationStage=NotStarted}
{"logTime": "0913/112044", "correlationVector":"LdlgZ/HzTKkPYBHqh49rHW","action":"Normal GetUpdate request", "result":"", "context":cV=LdlgZ/HzTKkPYBHqh49rHW
Nudged types: Sessions
Notified types: Device Info, History}
{"logTime": "0913/112045", "correlationVector":"LdlgZ/HzTKkPYBHqh49rHW.1","action":"SyncServerConnectionManagerRequest", "result":"SYNC_SERVER_OK", "context":{"environment":"Prod_southeastasia_prod-s01-065-apac-southeastasia", "migrationStage":"NotStarted", "server":"akswtt00300002i"}}
{"logTime": "0913/112045", "correlationVector":"LdlgZ/HzTKkPYBHqh49rHW.2","action":"ProcessGetUpdates", "result":"Done", "context":{"dataType":"Sessions", "deleted":"1", "process_failed_to_decrypt":"0", "process_pending_decryption":"0", "process_success":"3", "total":"3"}}
{"logTime": "0913/112045", "correlationVector":"LdlgZ/HzTKkPYBHqh49rHW.3","action":"ProcessGetUpdates", "result":"Done", "context":{"dataType":"Device Info", "deleted":"0", "process_failed_to_decrypt":"0", "process_pending_decryption":"0", "process_success":"1", "total":"1"}}
{"logTime": "0913/112045", "correlationVector":"LdlgZ/HzTKkPYBHqh49rHW.4","action":"ProcessGetUpdates", "result":"Done", "context":{"dataType":"History", "deleted":"0", "process_failed_to_decrypt":"0", "process_pending_decryption":"0", "process_success":"3", "total":"3"}}
{"logTime": "0913/112045", "correlationVector":"LdlgZ/HzTKkPYBHqh49rHW.5","action":"GetUpdates Response", "result":"Success", "context":Received 7 update(s). cV=LdlgZ/HzTKkPYBHqh49rHW.0;server=akswtt00300002i;cloudType=Consumer;environment=Prod_southeastasia_prod-s01-065-apac-southeastasia;migrationStage=NotStarted}
{"logTime": "0913/112045", "correlationVector":"djYRapbJUt/BWpEwopG13V","action":"Commit Request", "result":"", "context":Item count: 1
Contributing types: Sessions}
{"logTime": "0913/112045", "correlationVector":"djYRapbJUt/BWpEwopG13V.1","action":"SyncServerConnectionManagerRequest", "result":"SYNC_SERVER_OK", "context":{"environment":"Prod_southeastasia_prod-s01-065-apac-southeastasia", "migrationStage":"NotStarted", "server":"akswtt00300002p"}}
{"logTime": "0913/112045", "correlationVector":"djYRapbJUt/BWpEwopG13V.2","action":"Commit Response", "result":"Success", "context":Result: Success. cV=djYRapbJUt/BWpEwopG13V.0;server=akswtt00300002p;cloudType=Consumer;environment=Prod_southeastasia_prod-s01-065-apac-southeastasia;migrationStage=NotStarted}
{"logTime": "0913/112045", "correlationVector":"AnqUfVNIbyHOOUm4R/53Op","action":"Normal GetUpdate request", "result":"", "context":cV=AnqUfVNIbyHOOUm4R/53Op
Nudged types: Sessions
Notified types: Preferences, Device Info}
{"logTime": "0913/112045", "correlationVector":"AnqUfVNIbyHOOUm4R/53Op.1","action":"SyncServerConnectionManagerRequest", "result":"SYNC_SERVER_OK", "context":{"environment":"Prod_southeastasia_prod-s01-065-apac-southeastasia", "migrationStage":"NotStarted", "server":"akswtt00300001h"}}
{"logTime": "0913/112045", "correlationVector":"AnqUfVNIbyHOOUm4R/53Op.2","action":"ProcessGetUpdates", "result":"Done", "context":{"dataType":"Preferences", "deleted":"0", "process_failed_to_decrypt":"0", "process_pending_decryption":"0", "process_success":"1", "total":"1"}}
{"logTime": "0913/112045", "correlationVector":"AnqUfVNIbyHOOUm4R/53Op.3","action":"ProcessGetUpdates", "result":"Done", "context":{"dataType":"Sessions", "deleted":"0", "process_failed_to_decrypt":"0", "process_pending_decryption":"0", "process_success":"1", "total":"1"}}
{"logTime": "0913/112045", "correlationVector":"AnqUfVNIbyHOOUm4R/53Op.4","action":"ProcessGetUpdates", "result":"Done", "context":{"dataType":"Device Info", "deleted":"0", "process_failed_to_decrypt":"0", "process_pending_decryption":"0", "process_success":"1", "total":"1"}}
{"logTime": "0913/112045", "correlationVector":"AnqUfVNIbyHOOUm4R/53Op.5","action":"GetUpdates Response", "result":"Success", "context":Received 3 update(s). cV=AnqUfVNIbyHOOUm4R/53Op.0;server=akswtt00300001h;cloudType=Consumer;environment=Prod_southeastasia_prod-s01-065-apac-southeastasia;migrationStage=NotStarted}
{"logTime": "0913/112106", "correlationVector":"XN8tJeL9yZNH8QEqPGo9Oj","action":"Normal GetUpdate request", "result":"", "context":cV=XN8tJeL9yZNH8QEqPGo9Oj
Notified types: Autofill, History}
{"logTime": "0913/112106", "correlationVector":"XN8tJeL9yZNH8QEqPGo9Oj.1","action":"SyncServerConnectionManagerRequest", "result":"SYNC_SERVER_OK", "context":{"environment":"Prod_southeastasia_prod-s01-064-apac-southeastasia", "migrationStage":"NotStarted", "server":"akswtt003000041"}}
{"logTime": "0913/112106", "correlationVector":"XN8tJeL9yZNH8QEqPGo9Oj.2","action":"ProcessGetUpdates", "result":"Done", "context":{"dataType":"Autofill", "deleted":"0", "process_failed_to_decrypt":"0", "process_pending_decryption":"0", "process_success":"1", "total":"1"}}
{"logTime": "0913/112106", "correlationVector":"XN8tJeL9yZNH8QEqPGo9Oj.3","action":"ProcessGetUpdates", "result":"Done", "context":{"dataType":"Sessions", "deleted":"0", "process_failed_to_decrypt":"0", "process_pending_decryption":"0", "process_success":"3", "total":"3"}}
{"logTime": "0913/112106", "correlationVector":"XN8tJeL9yZNH8QEqPGo9Oj.4","action":"ProcessGetUpdates", "result":"Done", "context":{"dataType":"History", "deleted":"0", "process_failed_to_decrypt":"0", "process_pending_decryption":"0", "process_success":"4", "total":"4"}}
{"logTime": "0913/112106", "correlationVector":"XN8tJeL9yZNH8QEqPGo9Oj.5","action":"GetUpdates Response", "result":"Success", "context":Received 8 update(s). cV=XN8tJeL9yZNH8QEqPGo9Oj.0;server=akswtt003000041;cloudType=Consumer;environment=Prod_southeastasia_prod-s01-064-apac-southeastasia;migrationStage=NotStarted}
{"logTime": "0913/112833", "correlationVector":"Cq9bWX/IOe6F35Wvok3i0y","action":"Normal GetUpdate request", "result":"", "context":cV=Cq9bWX/IOe6F35Wvok3i0y
Notified types: History}
{"logTime": "0913/112834", "correlationVector":"Cq9bWX/IOe6F35Wvok3i0y.1","action":"SyncServerConnectionManagerRequest", "result":"SYNC_SERVER_OK", "context":{"environment":"Prod_southeastasia_prod-s01-065-apac-southeastasia", "migrationStage":"NotStarted", "server":"akswtt00300000l"}}
{"logTime": "0913/112834", "correlationVector":"Cq9bWX/IOe6F35Wvok3i0y.2","action":"ProcessGetUpdates", "result":"Done", "context":{"dataType":"Sessions", "deleted":"0", "process_failed_to_decrypt":"0", "process_pending_decryption":"0", "process_success":"2", "total":"2"}}
{"logTime": "0913/112834", "correlationVector":"Cq9bWX/IOe6F35Wvok3i0y.3","action":"ProcessGetUpdates", "result":"Done", "context":{"dataType":"History", "deleted":"0", "process_failed_to_decrypt":"0", "process_pending_decryption":"0", "process_success":"7", "total":"7"}}
{"logTime": "0913/112834", "correlationVector":"Cq9bWX/IOe6F35Wvok3i0y.4","action":"GetUpdates Response", "result":"Success", "context":Received 9 update(s). cV=Cq9bWX/IOe6F35Wvok3i0y.0;server=akswtt00300000l;cloudType=Consumer;environment=Prod_southeastasia_prod-s01-065-apac-southeastasia;migrationStage=NotStarted}
{"logTime": "0913/112936", "correlationVector":"xIN2RsvALwPkN5RK9z41X9","action":"Normal GetUpdate request", "result":"", "context":cV=xIN2RsvALwPkN5RK9z41X9
Notified types: History}
{"logTime": "0913/112936", "correlationVector":"xIN2RsvALwPkN5RK9z41X9.1","action":"SyncServerConnectionManagerRequest", "result":"SYNC_SERVER_OK", "context":{"environment":"Prod_southeastasia_prod-s01-065-apac-southeastasia", "migrationStage":"NotStarted", "server":"akswtt00300000l"}}
{"logTime": "0913/112936", "correlationVector":"xIN2RsvALwPkN5RK9z41X9.2","action":"ProcessGetUpdates", "result":"Done", "context":{"dataType":"Sessions", "deleted":"0", "process_failed_to_decrypt":"0", "process_pending_decryption":"0", "process_success":"2", "total":"2"}}
{"logTime": "0913/112936", "correlationVector":"xIN2RsvALwPkN5RK9z41X9.3","action":"ProcessGetUpdates", "result":"Done", "context":{"dataType":"History", "deleted":"0", "process_failed_to_decrypt":"0", "process_pending_decryption":"0", "process_success":"6", "total":"6"}}
{"logTime": "0913/112936", "correlationVector":"xIN2RsvALwPkN5RK9z41X9.4","action":"GetUpdates Response", "result":"Success", "context":Received 8 update(s). cV=xIN2RsvALwPkN5RK9z41X9.0;server=akswtt00300000l;cloudType=Consumer;environment=Prod_southeastasia_prod-s01-065-apac-southeastasia;migrationStage=NotStarted}
{"logTime": "0913/113139", "correlationVector":"8sg5SqTw/3YyRQxa/7k/fq","action":"Commit Request", "result":"", "context":Item count: 1
Contributing types: Sessions}
{"logTime": "0913/113139", "correlationVector":"8sg5SqTw/3YyRQxa/7k/fq.1","action":"SyncServerConnectionManagerRequest", "result":"SYNC_SERVER_OK", "context":{"environment":"Prod_southeastasia_prod-s01-065-apac-southeastasia", "migrationStage":"NotStarted", "server":"akswtt003000035"}}
{"logTime": "0913/113139", "correlationVector":"8sg5SqTw/3YyRQxa/7k/fq.2","action":"Commit Response", "result":"Success", "context":Result: Success. cV=8sg5SqTw/3YyRQxa/7k/fq.0;server=akswtt003000035;cloudType=Consumer;environment=Prod_southeastasia_prod-s01-065-apac-southeastasia;migrationStage=NotStarted}
{"logTime": "0913/113325", "correlationVector":"umlQP+i+SMIrjaUm42MFid","action":"Normal GetUpdate request", "result":"", "context":cV=umlQP+i+SMIrjaUm42MFid
Notified types: History}
{"logTime": "0913/113325", "correlationVector":"umlQP+i+SMIrjaUm42MFid.1","action":"SyncServerConnectionManagerRequest", "result":"SYNC_SERVER_OK", "context":{"environment":"Prod_southeastasia_prod-s01-065-apac-southeastasia", "migrationStage":"NotStarted", "server":"akswtt00300002i"}}
{"logTime": "0913/113325", "correlationVector":"umlQP+i+SMIrjaUm42MFid.2","action":"ProcessGetUpdates", "result":"Done", "context":{"dataType":"Sessions", "deleted":"0", "process_failed_to_decrypt":"0", "process_pending_decryption":"0", "process_success":"4", "total":"4"}}
{"logTime": "0913/113325", "correlationVector":"umlQP+i+SMIrjaUm42MFid.3","action":"ProcessGetUpdates", "result":"Done", "context":{"dataType":"History", "deleted":"0", "process_failed_to_decrypt":"0", "process_pending_decryption":"0", "process_success":"8", "total":"8"}}
{"logTime": "0913/113325", "correlationVector":"umlQP+i+SMIrjaUm42MFid.4","action":"GetUpdates Response", "result":"Success", "context":Received 12 update(s). cV=umlQP+i+SMIrjaUm42MFid.0;server=akswtt00300002i;cloudType=Consumer;environment=Prod_southeastasia_prod-s01-065-apac-southeastasia;migrationStage=NotStarted}
{"logTime": "0913/114917", "correlationVector":"LSZ7/rg1HdGiF3hiCGMBl8","action":"Commit Request", "result":"", "context":Item count: 1
Contributing types: Sessions}
{"logTime": "0913/114917", "correlationVector":"LSZ7/rg1HdGiF3hiCGMBl8.1","action":"SyncServerConnectionManagerRequest", "result":"SYNC_SERVER_OK", "context":{"environment":"Prod_southeastasia_prod-s01-065-apac-southeastasia", "migrationStage":"NotStarted", "server":"akswtt00300002f"}}
{"logTime": "0913/114917", "correlationVector":"LSZ7/rg1HdGiF3hiCGMBl8.2","action":"Commit Response", "result":"Success", "context":Result: Success. cV=LSZ7/rg1HdGiF3hiCGMBl8.0;server=akswtt00300002f;cloudType=Consumer;environment=Prod_southeastasia_prod-s01-065-apac-southeastasia;migrationStage=NotStarted}
{"logTime": "0913/135102", "correlationVector":"vfR0DsXcoXEAbCAMRuEZjp.1","action":"SyncServerConnectionManagerRequest", "result":"SYNC_SERVER_OK", "context":{"environment":"Prod_southeastasia_prod-s01-065-apac-southeastasia", "migrationStage":"NotStarted", "server":"akswtt003000007"}}
{"logTime": "0913/135102", "correlationVector":"vfR0DsXcoXEAbCAMRuEZjp.2","action":"ProcessGetUpdates", "result":"Done", "context":{"dataType":"Encryption Keys", "deleted":"0", "process_failed_to_decrypt":"0", "process_pending_decryption":"0", "process_success":"1", "total":"1"}}
{"logTime": "0913/135103", "correlationVector":"GgEnL4j5VTkUvo/uXMwNxR","action":"SyncServerConnectionManagerRequest", "result":"SYNC_SERVER_OK", "context":{"environment":"", "migrationStage":"", "server":""}}
{"logTime": "0913/135103", "correlationVector":"GgEnL4j5VTkUvo/uXMwNxR.0","action":"EncryptionKeysFetcher.DownloadKeys:", "result":"Success", "context":Key count: 10, Last key timestamp: 2026-04-30T13:41:24Z}
{"logTime": "0913/135103", "correlationVector":"GgEnL4j5VTkUvo/uXMwNxR.1","action":"EncryptionKeysManager::SetEncryptionKeys:", "result":"Success", "context":Key names[10]:[GO31z0TzEri4YtoJdhL6SG06/asgMc2j7DRp2X6YIaf3BGu7XP9uDqkJeOwa5cRnmPEqM/p871LiERe2ttNSnw==][CmMIbToBg/wkPLyxcSSIHTVpAmLJf1lfAoOUESydjU2rT+CIhkTQOP1s0P/ZbSAV83U9avVgDfhWKksAvFIpvQ==][sb/4zVxMEzuMr2VwkTsqMUlqQPJYySXrXMit33kvZF3zxxRb2sKHQSIfYhAQotoub4RCLfRFfIarOLC4RQOF7w==][L8cnxnquFSpHOQPS4B4KjIckW0IfkYpTNYun92OYXlwokShVzogcKsI4FO4rVB59ubWyqMEe3TE/vI1IMAbXZw==][vtCkTVataooX3/hqfT/m8LmgHuUmVgeEahdfbSW015RBuvBZWZCzEjnjq/LhRLjRjXMj26nIh9Jz9oAP34yKRg==][oCud1xgmWaJvL0k4aOBeLLAeNIlMkFxmCWO63pNkqUZF18IPdftNQJJJ36FcbqLmCxUO4rRwI+BDIZhub7VJ2A==][i8oXImPshUUoAUFvqAPduqK4Cfr+diCQ2uf0EcbUsKk5uWnJEvnVQ7nC6Dqtb6HZpR5IrLNIkcD7wozEZiv6Xw==][e120nwOPgsACItYIRikgG6gZAdfwh24Feu2fyD2aABWeadBOxVL/3bmDbbWpBBoxiQFK5CmGWwLC/NH2NF24sQ==][44FdHchZTvVysM94kDgLy3/Dyf19Yf8sY3kucMSEUSOWWRrbdP84gKeWwoz0sKJIUwRf39XFbLsw79b85WWklA==][2+oqYafFdiI6rf6gcyU1kGCVBwQPZv9OqReMuh3cSjbsL5qYYajqXrZiVlOTZNFYaeGo8vy9ocYJwfwR9w4GTQ==]}
{"logTime": "0913/135103", "correlationVector":"GgEnL4j5VTkUvo/uXMwNxR.2","action":"EncryptionKeysManager::SetEncryptionKeysWithTimestamps:", "result":"Success", "context":Key timestamps[10]:[2022-04-23T07:21:45Z][2022-05-28T01:24:52Z][2022-11-24T02:19:13Z][2023-05-23T13:42:15Z][2023-11-20T10:43:22Z][2024-05-08T07:47:41Z][2024-11-05T01:34:44Z][2025-05-04T10:32:14Z][2025-11-01T12:38:42Z][2026-04-30T13:41:24Z]}
{"logTime": "0913/135103", "correlationVector":"vfR0DsXcoXEAbCAMRuEZjp","action":"Initial GetUpdates", "result":"", "context":Reason: NEW_CLIENT. cV=vfR0DsXcoXEAbCAMRuEZjp}
{"logTime": "0913/135103", "correlationVector":"vfR0DsXcoXEAbCAMRuEZjp.3","action":"GetUpdates Response", "result":"Success", "context":Received 1 update(s). cV=vfR0DsXcoXEAbCAMRuEZjp.0;server=akswtt003000007;cloudType=Consumer;environment=Prod_southeastasia_prod-s01-065-apac-southeastasia;migrationStage=NotStarted}
{"logTime": "0913/135103", "correlationVector":"xMsxjc5wfPU4fX9v7kbvky","action":"Initial GetUpdates", "result":"", "context":Reason: NEWLY_SUPPORTED_DATATYPE. cV=xMsxjc5wfPU4fX9v7kbvky}
{"logTime": "0913/135103", "correlationVector":"xMsxjc5wfPU4fX9v7kbvky.1","action":"SyncServerConnectionManagerRequest", "result":"SYNC_SERVER_OK", "context":{"environment":"Prod_southeastasia_prod-s01-065-apac-southeastasia", "migrationStage":"NotStarted", "server":"akswtt003000044"}}
{"logTime": "0913/135103", "correlationVector":"xMsxjc5wfPU4fX9v7kbvky.2","action":"ProcessGetUpdates", "result":"Done", "context":{"dataType":"Passwords", "deleted":"0", "process_failed_to_decrypt":"0", "process_pending_decryption":"0", "process_success":"124", "total":"124"}}
{"logTime": "0913/135103", "correlationVector":"xMsxjc5wfPU4fX9v7kbvky.3","action":"GetUpdates Response", "result":"Success", "context":Received 124 update(s). cV=xMsxjc5wfPU4fX9v7kbvky.0;server=akswtt003000044;cloudType=Consumer;environment=Prod_southeastasia_prod-s01-065-apac-southeastasia;migrationStage=NotStarted}
{"logTime": "0913/135103", "correlationVector":"Va1/6MdX/yN01QEeu2fQOJ","action":"Normal GetUpdate request", "result":"", "context":cV=Va1/6MdX/yN01QEeu2fQOJ
Nudged types: Sessions, History
Refresh requested types: Bookmarks, Preferences, Passwords, Autofill Profiles, Autofill, Extensions, Sessions, Extension settings, History Delete Directives, Device Info, User Consents, Send Tab To Self, Web Apps, History, Saved Tab Group, WebAuthn Credentials, Edge Hub App Usage, Edge Workspace, Encryption Keys}
{"logTime": "0913/135104", "correlationVector":"Va1/6MdX/yN01QEeu2fQOJ.1","action":"SyncServerConnectionManagerRequest", "result":"SYNC_SERVER_OK", "context":{"environment":"Prod_southeastasia_prod-s01-065-apac-southeastasia", "migrationStage":"NotStarted", "server":"akswtt003000007"}}
{"logTime": "0913/135104", "correlationVector":"Va1/6MdX/yN01QEeu2fQOJ.2","action":"ProcessGetUpdates", "result":"Done", "context":{"dataType":"Preferences", "deleted":"0", "process_failed_to_decrypt":"0", "process_pending_decryption":"0", "process_success":"2", "total":"2"}}
{"logTime": "0913/135104", "correlationVector":"Va1/6MdX/yN01QEeu2fQOJ.3","action":"ProcessGetUpdates", "result":"Done", "context":{"dataType":"Sessions", "deleted":"11", "process_failed_to_decrypt":"0", "process_pending_decryption":"0", "process_success":"20", "total":"20"}}
{"logTime": "0913/135104", "correlationVector":"Va1/6MdX/yN01QEeu2fQOJ.4","action":"ProcessGetUpdates", "result":"Done", "context":{"dataType":"Device Info", "deleted":"0", "process_failed_to_decrypt":"0", "process_pending_decryption":"0", "process_success":"1", "total":"1"}}
{"logTime": "0913/135104", "correlationVector":"Va1/6MdX/yN01QEeu2fQOJ.5","action":"ProcessGetUpdates", "result":"Done", "context":{"dataType":"History", "deleted":"0", "process_failed_to_decrypt":"0", "process_pending_decryption":"0", "process_success":"110", "total":"110"}}
{"logTime": "0913/135104", "correlationVector":"Va1/6MdX/yN01QEeu2fQOJ.6","action":"GetUpdates Response", "result":"Success", "context":Received 133 update(s). cV=Va1/6MdX/yN01QEeu2fQOJ.0;server=akswtt003000007;cloudType=Consumer;environment=Prod_southeastasia_prod-s01-065-apac-southeastasia;migrationStage=NotStarted}
{"logTime": "0913/135105", "correlationVector":"NWlew1juydQwyILGynxweW","action":"Commit Request", "result":"", "context":Item count: 3
Contributing types: Sessions, History}
{"logTime": "0913/135105", "correlationVector":"NWlew1juydQwyILGynxweW.1","action":"SyncServerConnectionManagerRequest", "result":"SYNC_SERVER_OK", "context":{"environment":"Prod_southeastasia_prod-s01-065-apac-southeastasia", "migrationStage":"NotStarted", "server":"akswtt00300002o"}}
{"logTime": "0913/135105", "correlationVector":"NWlew1juydQwyILGynxweW.2","action":"Commit Response", "result":"Success", "context":Result: Success. cV=NWlew1juydQwyILGynxweW.0;server=akswtt00300002o;cloudType=Consumer;environment=Prod_southeastasia_prod-s01-065-apac-southeastasia;migrationStage=NotStarted}
{"logTime": "0913/135117", "correlationVector":"oPRgoqmp83qjQh9UvlIHBD","action":"Commit Request", "result":"", "context":Item count: 40
Contributing types: Passwords}
{"logTime": "0913/135122", "correlationVector":"oPRgoqmp83qjQh9UvlIHBD.1","action":"SyncServerConnectionManagerRequest", "result":"SYNC_SERVER_OK", "context":{"environment":"Prod_southeastasia_prod-s01-065-apac-southeastasia", "migrationStage":"NotStarted", "server":"akswtt00300002l"}}
{"logTime": "0913/135122", "correlationVector":"oPRgoqmp83qjQh9UvlIHBD.2","action":"Commit Response", "result":"Success", "context":Result: Success. cV=oPRgoqmp83qjQh9UvlIHBD.0;server=akswtt00300002l;cloudType=Consumer;environment=Prod_southeastasia_prod-s01-065-apac-southeastasia;migrationStage=NotStarted}
{"logTime": "0913/135122", "correlationVector":"DavgVlo6yoq2poe98mg2cj","action":"Commit Request", "result":"", "context":Item count: 40
Contributing types: Passwords}
{"logTime": "0913/135125", "correlationVector":"DavgVlo6yoq2poe98mg2cj.1","action":"SyncServerConnectionManagerRequest", "result":"SYNC_SERVER_OK", "context":{"environment":"Prod_southeastasia_prod-s01-065-apac-southeastasia", "migrationStage":"NotStarted", "server":"akswtt003000009"}}
{"logTime": "0913/135125", "correlationVector":"DavgVlo6yoq2poe98mg2cj.2","action":"Commit Response", "result":"Success", "context":Result: Success. cV=DavgVlo6yoq2poe98mg2cj.0;server=akswtt003000009;cloudType=Consumer;environment=Prod_southeastasia_prod-s01-065-apac-southeastasia;migrationStage=NotStarted}
{"logTime": "0913/135126", "correlationVector":"xlBmNYMNMTH5f1jUq/rjv6","action":"Commit Request", "result":"", "context":Item count: 21
Contributing types: Preferences, Passwords, Sessions, History}
{"logTime": "0913/135128", "correlationVector":"xlBmNYMNMTH5f1jUq/rjv6.1","action":"SyncServerConnectionManagerRequest", "result":"SYNC_SERVER_OK", "context":{"environment":"Prod_southeastasia_prod-s01-065-apac-southeastasia", "migrationStage":"NotStarted", "server":"akswtt00300002l"}}
{"logTime": "0913/135128", "correlationVector":"xlBmNYMNMTH5f1jUq/rjv6.2","action":"Commit Response", "result":"Success", "context":Result: Success. cV=xlBmNYMNMTH5f1jUq/rjv6.0;server=akswtt00300002l;cloudType=Consumer;environment=Prod_southeastasia_prod-s01-065-apac-southeastasia;migrationStage=NotStarted}
{"logTime": "0913/135246", "correlationVector":"IjMftAOTFyEtrkqs7uqzX/","action":"Commit Request", "result":"", "context":Item count: 3
Contributing types: Sessions, History}
{"logTime": "0913/135247", "correlationVector":"IjMftAOTFyEtrkqs7uqzX/.1","action":"SyncServerConnectionManagerRequest", "result":"SYNC_SERVER_OK", "context":{"environment":"Prod_southeastasia_prod-s01-065-apac-southeastasia", "migrationStage":"NotStarted", "server":"akswtt00300002u"}}
{"logTime": "0913/135247", "correlationVector":"IjMftAOTFyEtrkqs7uqzX/.2","action":"Commit Response", "result":"Success", "context":Result: Success. cV=IjMftAOTFyEtrkqs7uqzX/.0;server=akswtt00300002u;cloudType=Consumer;environment=Prod_southeastasia_prod-s01-065-apac-southeastasia;migrationStage=NotStarted}
{"logTime": "0913/135546", "correlationVector":"1DZW6RVUTc38LSQwD7UXCQ","action":"Commit Request", "result":"", "context":Item count: 1
Contributing types: Sessions}
{"logTime": "0913/135546", "correlationVector":"1DZW6RVUTc38LSQwD7UXCQ.1","action":"SyncServerConnectionManagerRequest", "result":"SYNC_SERVER_OK", "context":{"environment":"Prod_southeastasia_prod-s01-064-apac-southeastasia", "migrationStage":"NotStarted", "server":"akswtt003000005"}}
{"logTime": "0913/135546", "correlationVector":"1DZW6RVUTc38LSQwD7UXCQ.2","action":"Commit Response", "result":"Success", "context":Result: Success. cV=1DZW6RVUTc38LSQwD7UXCQ.0;server=akswtt003000005;cloudType=Consumer;environment=Prod_southeastasia_prod-s01-064-apac-southeastasia;migrationStage=NotStarted}
{"logTime": "0913/140303", "correlationVector":"Yg83/nsgwwXhfXNOTTbfse","action":"Commit Request", "result":"", "context":Item count: 1
Contributing types: Sessions}
{"logTime": "0913/140303", "correlationVector":"Yg83/nsgwwXhfXNOTTbfse.1","action":"SyncServerConnectionManagerRequest", "result":"SYNC_SERVER_OK", "context":{"environment":"Prod_southeastasia_prod-s01-065-apac-southeastasia", "migrationStage":"NotStarted", "server":"akswtt003000035"}}
{"logTime": "0913/140303", "correlationVector":"Yg83/nsgwwXhfXNOTTbfse.2","action":"Commit Response", "result":"Success", "context":Result: Success. cV=Yg83/nsgwwXhfXNOTTbfse.0;server=akswtt003000035;cloudType=Consumer;environment=Prod_southeastasia_prod-s01-065-apac-southeastasia;migrationStage=NotStarted}
